[Licensing::Module] Trying to connect to existing licensing client channel...
Built from '6000.4/staging' branch; Version is '6000.4.2f1 (7a4c1aeef971) revision 8014874'; Using compiler version '194234433'; Build Type 'Release'
[Licensing::IpcConnector] Successfully connected to: "LicenseClient-rrspk" at "2026-09-15T08:55:58.0335851Z"
OS: 'Windows 11  (10.0.26200) Core' Language: 'ja' Physical Memory: 32394 MB
BatchMode: 1, IsHumanControllingUs: 0, StartBugReporterOnCrash: 0, Is64bit: 1
System  architecture: x64
Process architecture: x64
Date: 2026-09-15T08:55:58Z

COMMAND LINE ARGUMENTS:
C:\Program Files\Unity\Hub\Editor\6000.4.2f1\Editor\Unity.exe
-adb2
-batchMode
-noUpm
-name
AssetImportWorker2
-projectPath
C:/Users/rrspk/OneDrive/デスクトップ/unity保存/-shopping/爆走ショッピング
-logFile
Logs/AssetImportWorker2.log
-srvPort
65473
-licensingIpc
LicenseClient-rrspk
-force-d3d12
-job-worker-count
7
-background-job-worker-count
8
-gc-helper-count
1
-name
AssetImport
Successfully changed project path to: C:/Users/rrspk/OneDrive/デスクトップ/unity保存/-shopping/爆走ショッピング
C:/Users/rrspk/OneDrive/デスクトップ/unity保存/-shopping/爆走ショッピング
[UnityMemory] Configuration Parameters - Can be set up in boot.config
    "memorysetup-temp-allocator-size-gi-baking-worker=262144"
    "memorysetup-temp-allocator-size-gi-baking-worker=262144"
    "memorysetup-temp-allocator-size-gi-baking-worker=262144"
    "memorysetup-temp-allocator-size-gi-baking-worker=262144"
    "memorysetup-temp-allocator-size-gi-baking-worker=262144"
    "memorysetup-temp-allocator-size-nav-mesh-worker=65536"
    "memorysetup-temp-allocator-size-audio-worker=65536"
    "memorysetup-temp-allocator-size-cloud-worker=32768"
    "memorysetup-temp-allocator-size-gfx=262144"
    "memorysetup-temp-allocator-size-preload-manager=33554432"
    "memorysetup-temp-allocator-size-job-worker=262144"
    "memorysetup-temp-allocator-size-background-worker=32768"
    "memorysetup-allocator-temp-initial-block-size-main=262144"
    "memorysetup-allocator-temp-initial-block-size-worker=262144"
    "memorysetup-bucket-allocator-granularity=16"
    "memorysetup-bucket-allocator-bucket-count=8"
    "memorysetup-bucket-allocator-block-size=33554432"
    "memorysetup-bucket-allocator-block-count=8"
    "memorysetup-main-allocator-block-size=16777216"
    "memorysetup-thread-allocator-block-size=16777216"
    "memorysetup-gfx-main-allocator-block-size=16777216"
    "memorysetup-gfx-thread-allocator-block-size=16777216"
    "memorysetup-cache-allocator-block-size=4194304"
    "memorysetup-typetree-allocator-block-size=2097152"
    "memorysetup-profiler-bucket-allocator-granularity=16"
    "memorysetup-profiler-bucket-allocator-bucket-count=8"
    "memorysetup-profiler-bucket-allocator-block-size=33554432"
    "memorysetup-profiler-bucket-allocator-block-count=8"
    "memorysetup-profiler-allocator-block-size=16777216"
    "memorysetup-profiler-editor-allocator-block-size=1048576"
    "memorysetup-temp-allocator-size-main=16777216"
    "memorysetup-job-temp-allocator-block-size=2097152"
    "memorysetup-job-temp-allocator-block-size-background=1048576"
    "memorysetup-job-temp-allocator-reduction-small-platforms=262144"
Player connection [28632]  Target information:

Player connection [28632]  * "[IP] 192.168.252.239 [Port] 0 [Flags] 2 [Guid] 3294812468 [EditorId] 3294812468 [Version] 1048832 [Id] WindowsEditor(7,rrsp) [Debug] 1 [PackageName] WindowsEditor [ProjectName] Editor" 

Player connection [28632] Host joined multi-casting on [225.0.0.222:54997]...
Player connection [28632] Host joined alternative multi-casting on [225.0.0.222:34997]...
JobSystem: Creating JobQueue using job-worker-count value 7
Input System module state changed to: Initialized.
[Physics::Module] Initialized fallback backend.
[Physics::Module] Id: 0xdecafbad
Library Redirect Path: Library/
[Physics::Module] Selected backend.
[Physics::Module] Name: PhysX
[Physics::Module] Id: 0xf2b8ea05
[Physics::Module] SDK Version: 4.1.2
[Physics::Module] Integration Version: 1.0.0
[Physics::Module] Threading Mode: Multi-Threaded
Refreshing native plugins compatible for Editor in 4.99 ms, found 4 plugins.
Initialize engine version: 6000.4.2f1 (7a4c1aeef971)
[Subsystems] Discovering subsystems at path C:/Program Files/Unity/Hub/Editor/6000.4.2f1/Editor/Data/Resources/UnitySubsystems
[Subsystems] Discovering subsystems at path C:/Users/rrspk/OneDrive/デスクトップ/unity保存/-shopping/爆走ショッピング/Assets
Forcing GfxDevice: Direct3D 12
GfxDevice: creating device client; kGfxThreadingModeNonThreaded
d3d12: failed to query info queue interface (0x80004002).
Direct3D:
    Version:         Direct3D 12 [level 12.2]
    Renderer:        NVIDIA GeForce RTX 4060 Laptop GPU (ID=0x28e0)
    Vendor:          NVIDIA
    VRAM:            7956 MB
    App VRAM Budget: 7188 MB
    Driver:          32.0.15.9571
Initialize mono
Mono path[0] = 'C:/Program Files/Unity/Hub/Editor/6000.4.2f1/Editor/Data/Managed'
Mono path[1] = 'C:/Program Files/Unity/Hub/Editor/6000.4.2f1/Editor/Data/MonoBleedingEdge/lib/mono/unityjit-win32'
Mono config path = 'C:/Program Files/Unity/Hub/Editor/6000.4.2f1/Editor/Data/MonoBleedingEdge/etc'
Using monoOptions --debugger-agent=transport=dt_socket,embedding=1,server=y,suspend=n,address=127.0.0.1:56444
CodeReloadManager initialized
Begin MonoManager ReloadAssembly
Registering precompiled unity dll's ...
Register platform support module: C:/Program Files/Unity/Hub/Editor/6000.4.2f1/Editor/Data/PlaybackEngines/WindowsStandaloneSupport/UnityEditor.WindowsStandalone.Extensions.dll
Registered in 0.002611 seconds.
Native extension for WindowsStandalone target not found
Package Manager log level set to [2]
[Package Manager] Failed to launch server process. Reason: Unity was launched with the -noUpm command-line argument
[Package Manager] Unable to send message (not connected to server process).
[Package Manager] Cannot connect to Unity Package Manager local server
ScheduleIndexationOnStartup MainProcess:False IndexOnStartup:True
Mono: successfully reloaded assembly
- Finished resetting the current domain, in  0.697 seconds
Domain Reload Profiling: 1655ms
	BeginReloadAssembly (258ms)
	RebuildCommonClasses (100ms)
	RebuildNativeTypeToScriptingClass (26ms)
	initialDomainReloadingComplete (163ms)
	LoadAllAssembliesAndSetupDomain (409ms)
		LoadAssemblies (253ms)
		AnalyzeDomain (391ms)
			TypeCache.Refresh (390ms)
				TypeCache.ScanAssembly (367ms)
	FinalizeReload (700ms)
		SetupLoadedEditorAssemblies (0ms)
			InitializePlatformSupportModulesInManaged (98ms)
			BeforeProcessingInitializeOnLoad (151ms)
			ProcessInitializeOnLoadAttributes (185ms)
			ProcessInitializeOnLoadMethodAttributes (137ms)
Assembly reference Packages/com.unity.cinemachine/Editor/Samples/ExposeHDRPInternals/HDRP-Editor-ref.asmref has no target assembly definition
========================================================================
Worker process is ready to serve import requests
Import Worker Mode flag is 0x00
Assembly reference Packages/com.unity.cinemachine/Editor/Samples/ExposeHDRPInternals/HDRP-Editor-ref.asmref has no target assembly definition
Assembly reference Packages/com.unity.cinemachine/Editor/Samples/ExposeHDRPInternals/HDRP-Editor-ref.asmref has no target assembly definition
Begin MonoManager ReloadAssembly
[Licensing::Module] Licensing is not yet initialized.
[Licensing::Client] Error: HandshakeResponse reported an error:
	ResponseCode: 505
	ResponseStatus: Unsupported protocol version '1.18.1'.
[Licensing::Module] Error: Failed to handshake to channel: "LicenseClient-rrspk"
[Licensing::IpcConnector] LicenseClient-rrspk channel disconnected successfully.
[Licensing::IpcConnector] Successfully connected to: "LicenseClient-rrspk-6000.4.2" at "2026-09-15T08:56:01.9049677Z"
[Licensing::Client] Handshaking with LicensingClient:
  Version:                 1.18.1+9fbee8e
  Session Id:              ddcb35aee86f433e8d3358591609d95f
  Correlation Id:          d2563765fd6cb07ec3e1602e214f1980
  External correlation Id: 6958386499743492234
  Machine Id:              H51e3WdcQ5RedfbTpyVEUJyZXz8=
[Licensing::Module] Successfully connected to LicensingClient on channel: "LicenseClient-rrspk-6000.4.2" (connect: 0.00s, validation: 0.00s, handshake: 3.25s)
[Licensing::IpcConnector] Successfully connected to: "LicenseClient-rrspk-6000.4.2-notifications" at "2026-09-15T08:56:05.161971Z"
[Licensing::Module] Licensing Background thread has ended after 7.13s
[Licensing::Module] Licensing is initialized (took 3.36s).
[Licensing::Client] Successfully resolved entitlement details
[Licensing::Module] License group:
  Id: 15669615411373-UnityPersXXXX
  Product: Unity Personal
  Type: Assigned
  Expiration: Unlimited
Assembly Assembly-CSharp-Editor-firstpass.dll at Library/ScriptAssemblies/Assembly-CSharp-Editor-firstpass.dll not valid. Loading of assembly skipped.
Assembly Assembly-CSharp-firstpass.dll at Library/ScriptAssemblies/Assembly-CSharp-firstpass.dll not valid. Loading of assembly skipped.
Assembly DocCodeExamples.dll at Library/ScriptAssemblies/DocCodeExamples.dll not valid. Loading of assembly skipped.
Assembly TestNewCustomAssembly.dll at Library/ScriptAssemblies/TestNewCustomAssembly.dll not valid. Loading of assembly skipped.
Assembly Unity.Collections.BurstCompatibilityGen.dll at Library/ScriptAssemblies/Unity.Collections.BurstCompatibilityGen.dll not valid. Loading of assembly skipped.
Assembly Unity.Collections.DocCodeSamples.dll at Library/ScriptAssemblies/Unity.Collections.DocCodeSamples.dll not valid. Loading of assembly skipped.
Assembly Unity.Collections.PerformanceTests.dll at Library/ScriptAssemblies/Unity.Collections.PerformanceTests.dll not valid. Loading of assembly skipped.
Assembly Unity.Collections.Tests.dll at Library/ScriptAssemblies/Unity.Collections.Tests.dll not valid. Loading of assembly skipped.
Assembly Unity.Collections.Tests.Playmode.dll at Library/ScriptAssemblies/Unity.Collections.Tests.Playmode.dll not valid. Loading of assembly skipped.
Assembly Unity.InputSystem.IntegrationTests.dll at Library/ScriptAssemblies/Unity.InputSystem.IntegrationTests.dll not valid. Loading of assembly skipped.
Assembly Unity.Mathematics.Tests.dll at Library/ScriptAssemblies/Unity.Mathematics.Tests.dll not valid. Loading of assembly skipped.
Assembly Unity.Multiplayer.Center.Editor.Tests.dll at Library/ScriptAssemblies/Unity.Multiplayer.Center.Editor.Tests.dll not valid. Loading of assembly skipped.
Assembly Unity.Multiplayer.Center.Tests.dll at Library/ScriptAssemblies/Unity.Multiplayer.Center.Tests.dll not valid. Loading of assembly skipped.
Assembly Unity.Nuget.Mono-Cecil.dll at Library/ScriptAssemblies/Unity.Nuget.Mono-Cecil.dll not valid. Loading of assembly skipped.
Assembly Unity.PathTracing.Editor.Tests.dll at Library/ScriptAssemblies/Unity.PathTracing.Editor.Tests.dll not valid. Loading of assembly skipped.
Assembly Unity.PathTracing.Runtime.Tests.dll at Library/ScriptAssemblies/Unity.PathTracing.Runtime.Tests.dll not valid. Loading of assembly skipped.
Assembly Unity.RenderPipelines.Core.Editor.Tests.dll at Library/ScriptAssemblies/Unity.RenderPipelines.Core.Editor.Tests.dll not valid. Loading of assembly skipped.
Assembly Unity.RenderPipelines.Core.Runtime.Tests.dll at Library/ScriptAssemblies/Unity.RenderPipelines.Core.Runtime.Tests.dll not valid. Loading of assembly skipped.
Assembly Unity.RenderPipelines.Universal.Config.Editor.Tests.dll at Library/ScriptAssemblies/Unity.RenderPipelines.Universal.Config.Editor.Tests.dll not valid. Loading of assembly skipped.
Assembly Unity.RenderPipelines.Universal.Editor.Tests.dll at Library/ScriptAssemblies/Unity.RenderPipelines.Universal.Editor.Tests.dll not valid. Loading of assembly skipped.
Assembly Unity.RenderPipelines.Universal.Runtime.Tests.dll at Library/ScriptAssemblies/Unity.RenderPipelines.Universal.Runtime.Tests.dll not valid. Loading of assembly skipped.
Assembly Unity.Searcher.EditorTests.dll at Library/ScriptAssemblies/Unity.Searcher.EditorTests.dll not valid. Loading of assembly skipped.
Assembly Unity.Settings.Tests.dll at Library/ScriptAssemblies/Unity.Settings.Tests.dll not valid. Loading of assembly skipped.
Assembly Unity.ShaderGraph.Editor.Tests.dll at Library/ScriptAssemblies/Unity.ShaderGraph.Editor.Tests.dll not valid. Loading of assembly skipped.
Assembly Unity.TextMeshPro.Editor.Tests.dll at Library/ScriptAssemblies/Unity.TextMeshPro.Editor.Tests.dll not valid. Loading of assembly skipped.
Assembly Unity.TextMeshPro.Tests.dll at Library/ScriptAssemblies/Unity.TextMeshPro.Tests.dll not valid. Loading of assembly skipped.
Assembly Unity.UnifiedRayTracing.Editor.Tests.dll at Library/ScriptAssemblies/Unity.UnifiedRayTracing.Editor.Tests.dll not valid. Loading of assembly skipped.
Assembly UnityEditor.UI.Common.Tests.dll at Library/ScriptAssemblies/UnityEditor.UI.Common.Tests.dll not valid. Loading of assembly skipped.
Assembly UnityEditor.UI.EditorTests.dll at Library/ScriptAssemblies/UnityEditor.UI.EditorTests.dll not valid. Loading of assembly skipped.
Assembly UnityEngine.UI.Tests.dll at Library/ScriptAssemblies/UnityEngine.UI.Tests.dll not valid. Loading of assembly skipped.
Assembly reference Packages/com.unity.cinemachine/Editor/Samples/ExposeHDRPInternals/HDRP-Editor-ref.asmref has no target assembly definition
'Packages/com.unity.cinemachine/Editor/Obsolete/CinemachineVirtualCameraBaseEditor.cs' contains partial class of Unity.Object, exactly 1 of the partial classes needs to be in a file with the same filename. This is to know the one that can be referenced from ie. GameObjects
'Packages/com.unity.cinemachine/Editor/Editors/CinemachineVirtualCameraBaseEditor.cs' contains partial class of Unity.Object, exactly 1 of the partial classes needs to be in a file with the same filename. This is to know the one that can be referenced from ie. GameObjects
Native extension for WindowsStandalone target not found
Assembly reference Packages/com.unity.cinemachine/Editor/Samples/ExposeHDRPInternals/HDRP-Editor-ref.asmref has no target assembly definition
[Package Manager] Failed to launch server process. Reason: Unity was launched with the -noUpm command-line argument
[Package Manager] Unable to send message (not connected to server process).
[Package Manager] Cannot connect to Unity Package Manager local server
[Package Manager] Failed to launch server process. Reason: Unity was launched with the -noUpm command-line argument
[Package Manager] Unable to send message (not connected to server process).
[Package Manager] Cannot connect to Unity Package Manager local server
[Package Manager] Failed to launch server process. Reason: Unity was launched with the -noUpm command-line argument
[Package Manager] Unable to send message (not connected to server process).
[Package Manager] Cannot connect to Unity Package Manager local server
ScheduleIndexationOnStartup MainProcess:False IndexOnStartup:True
Mono: successfully reloaded assembly
- Finished resetting the current domain, in  1.210 seconds
Domain Reload Profiling: 5877ms
	BeginReloadAssembly (3616ms)
		DisableScriptedObjects (10ms)
		CreateAndSetChildDomain (35ms)
	RebuildCommonClasses (59ms)
	RebuildNativeTypeToScriptingClass (22ms)
	initialDomainReloadingComplete (107ms)
	LoadAllAssembliesAndSetupDomain (862ms)
		LoadAssemblies (562ms)
		AnalyzeDomain (441ms)
			TypeCache.Refresh (288ms)
				TypeCache.ScanAssembly (266ms)
			BuildScriptInfoCaches (134ms)
			ResolveRequiredComponents (16ms)
	FinalizeReload (1211ms)
		SetupLoadedEditorAssemblies (0ms)
			InitializePlatformSupportModulesInManaged (3ms)
			BeforeProcessingInitializeOnLoad (222ms)
			ProcessInitializeOnLoadAttributes (495ms)
			ProcessInitializeOnLoadMethodAttributes (124ms)
			AfterProcessingInitializeOnLoad (5ms)
		AwakeInstancesAfterBackupRestoration (10ms)
Launched and connected shader compiler UnityShaderCompiler.exe after 0.03 seconds
Unloading 25 Unused Serialized files (Serialized files now loaded: 0)
Unloading 6955 unused Assets / (5.9 MB). Loaded Objects now: 7780.
Memory consumption went from 162.1 MB to 156.2 MB.
Total: 10.402100 ms (FindLiveObjects: 0.725100 ms CreateObjectMapping: 0.661900 ms MarkObjects: 6.433500 ms  DeleteObjects: 2.576400 ms)

========================================================================
Received Import Request.
  Time since last request: 8134.583351 seconds.
  path: Assets/_Project/Runtime/Presentation/UI/Shared/RuntimeOptionMenu.cs
  importAddress: Guid(d8f8c0b7660d4c9a96b8b948815f31c4) Importer(2089858483,b0f066a214c2f5e87bad3c948f4d605d)
Start importing Assets/_Project/Runtime/Presentation/UI/Shared/RuntimeOptionMenu.cs using Guid(d8f8c0b7660d4c9a96b8b948815f31c4) Importer(2089858483,b0f066a214c2f5e87bad3c948f4d605d) (ScriptedImporter) -> (Import Result ID: 'bdd79b99133923c9252bb5066082d41a') in 0.1221416 seconds [static and dynamic dependencies]. Details - ImportResultOutputID=ecb8c09d712f257c6333588daa3986dc DependenciesID=4e314e9235c0832999dc4860b0dd4ceb StaticDependenciesID=a68d8e0acd7ea19697fecec18f1f782e 
Number of updated asset objects reloaded before import = 0Number of asset objects unloaded after import = 0

========================================================================
Received Import Request.
  Time since last request: 0.000031 seconds.
  path: Assets/TextMesh Pro/Resources/Fonts & Materials/LiberationSans SDF.asset
  importAddress: Guid(8f586378b4e144a9851e7b34d9b748ee) Importer(2089858483,b0f066a214c2f5e87bad3c948f4d605d)
Start importing Assets/TextMesh Pro/Resources/Fonts & Materials/LiberationSans SDF.asset using Guid(8f586378b4e144a9851e7b34d9b748ee) Importer(2089858483,b0f066a214c2f5e87bad3c948f4d605d) (ScriptedImporter) -> (Import Result ID: 'c9082befa70ffd26c3bc52600001e665') in 0.1044896 seconds [static and dynamic dependencies]. Details - ImportResultOutputID=58137da66012cfa9cddae441aa856e04 DependenciesID=88ab90c127d66d0d7ee6c1f19c6a2fba StaticDependenciesID=f24aa01374016caa59713b859ae89089 
Number of updated asset objects reloaded before import = 0Number of asset objects unloaded after import = 8

========================================================================
Received Import Request.
  Time since last request: 0.000025 seconds.
  path: Assets/_Project/Art/Materials/Gameplay/OverlayFallback.mat
  importAddress: Guid(8e087994cad08c7468d59176d07b1254) Importer(2089858483,b0f066a214c2f5e87bad3c948f4d605d)
Start importing Assets/_Project/Art/Materials/Gameplay/OverlayFallback.mat using Guid(8e087994cad08c7468d59176d07b1254) Importer(2089858483,b0f066a214c2f5e87bad3c948f4d605d) (ScriptedImporter) -> (Import Result ID: 'b3867e17e6e00d778f1474b3a5492b36') in 0.0417297 seconds [static and dynamic dependencies]. Details - ImportResultOutputID=7350a0d139b9511f6b66b2c9c2804561 DependenciesID=8513b50ca4e85ffb1d5157b5ff7ef65b StaticDependenciesID=72050bf8020a69abcc85f79a9745e8e9 
Number of updated asset objects reloaded before import = 0Number of asset objects unloaded after import = 1

========================================================================
Received Import Request.
  Time since last request: 0.000029 seconds.
  path: Assets/TextMesh Pro/Shaders/TMP_SDF-Mobile Masking.shader
  importAddress: Guid(bc1ede39bf3643ee8e493720e4259791) Importer(2089858483,b0f066a214c2f5e87bad3c948f4d605d)
Start importing Assets/TextMesh Pro/Shaders/TMP_SDF-Mobile Masking.shader using Guid(bc1ede39bf3643ee8e493720e4259791) Importer(2089858483,b0f066a214c2f5e87bad3c948f4d605d) (ScriptedImporter) -> (Import Result ID: '0800a8cafacf8b0ba366fa61899a3f07') in 0.0260212 seconds [static and dynamic dependencies]. Details - ImportResultOutputID=838b622c843e731b867d71365d3eb2ac DependenciesID=9880e2cc8581c004e12a1775f90cb063 StaticDependenciesID=b2e4bad493ac3537cb302ac08a5c77f9 
Number of updated asset objects reloaded before import = 0Number of asset objects unloaded after import = 1

========================================================================
Received Import Request.
  Time since last request: 0.000017 seconds.
  path: Assets/TextMesh Pro/Shaders/TMP_SDF-Mobile-2-Pass.shader
  importAddress: Guid(0178fcb869bafef4690d177d31d17db8) Importer(2089858483,b0f066a214c2f5e87bad3c948f4d605d)
Start importing Assets/TextMesh Pro/Shaders/TMP_SDF-Mobile-2-Pass.shader using Guid(0178fcb869bafef4690d177d31d17db8) Importer(2089858483,b0f066a214c2f5e87bad3c948f4d605d) (ScriptedImporter) -> (Import Result ID: '199418ed989e1232e0b5d86869d87dc5') in 0.0222733 seconds [static and dynamic dependencies]. Details - ImportResultOutputID=063a3023ca32a646932704436ebb70a9 DependenciesID=d28afc64ffb5f426007afbfd9eaaa867 StaticDependenciesID=2936f04a1dd55b511cbbf5990c3e04da 
Number of updated asset objects reloaded before import = 0Number of asset objects unloaded after import = 1

========================================================================
Received Import Request.
  Time since last request: 0.000019 seconds.
  path: Assets/_Project/Art/Materials/Gameplay/UI_Transparent.mat
  importAddress: Guid(bd511252bd23ff14db9ff5568e22aede) Importer(2089858483,b0f066a214c2f5e87bad3c948f4d605d)
Start importing Assets/_Project/Art/Materials/Gameplay/UI_Transparent.mat using Guid(bd511252bd23ff14db9ff5568e22aede) Importer(2089858483,b0f066a214c2f5e87bad3c948f4d605d) (ScriptedImporter) -> (Import Result ID: 'fb0d142f6cf331bd39ccc0521818eb38') in 0.030408 seconds [static and dynamic dependencies]. Details - ImportResultOutputID=bbf243516d7cfdb245e36f959324ff75 DependenciesID=4ecb6720f4db4c5e5072f650832cac21 StaticDependenciesID=ada3191f41aeb5a4559aac76c45996aa 
Number of updated asset objects reloaded before import = 0Number of asset objects unloaded after import = 1

========================================================================
Received Import Request.
  Time since last request: 0.000021 seconds.
  path: Assets/TextMesh Pro/Shaders/TMP_SDF-HDRP LIT.shadergraph
  importAddress: Guid(ca2ed216f98028c4dae6c5224a952b3c) Importer(2089858483,b0f066a214c2f5e87bad3c948f4d605d)
Start importing Assets/TextMesh Pro/Shaders/TMP_SDF-HDRP LIT.shadergraph using Guid(ca2ed216f98028c4dae6c5224a952b3c) Importer(2089858483,b0f066a214c2f5e87bad3c948f4d605d) (ScriptedImporter) -> (Import Result ID: '6314d6a9cc1ffe688b5f10f0c0c6dbce') in 0.0285347 seconds [static and dynamic dependencies]. Details - ImportResultOutputID=a2185de04a0da7d5e1b03b1320e0ea5c DependenciesID=76e12806a6065d62b500afd134e4cc95 StaticDependenciesID=d2e47b0202b7793cc774999f519fc45b 
Number of updated asset objects reloaded before import = 0Number of asset objects unloaded after import = 3

========================================================================
Received Import Request.
  Time since last request: 0.000032 seconds.
  path: Assets/_Project/Runtime/Flow/GameRestartManager.cs
  importAddress: Guid(a125ccbac4804a5983d324a4b1348713) Importer(2089858483,b0f066a214c2f5e87bad3c948f4d605d)
Start importing Assets/_Project/Runtime/Flow/GameRestartManager.cs using Guid(a125ccbac4804a5983d324a4b1348713) Importer(2089858483,b0f066a214c2f5e87bad3c948f4d605d) (ScriptedImporter) -> (Import Result ID: '27dc795be09854c3431baa4367bd89ab') in 0.0260385 seconds [static and dynamic dependencies]. Details - ImportResultOutputID=662963aaee05a1adfc889496ef64ac5a DependenciesID=68067d6b022439c64fa447076bea5ee6 StaticDependenciesID=5dcfb636e0e8aaae03a84fea585a27d9 
Number of updated asset objects reloaded before import = 0Number of asset objects unloaded after import = 0

========================================================================
Received Import Request.
  Time since last request: 0.000019 seconds.
  path: Assets/_Project/Scenes/Archive/Recovery_001.unity
  importAddress: Guid(0056c4cea961f4741bcd6555f00af9e7) Importer(2089858483,b0f066a214c2f5e87bad3c948f4d605d)
Start importing Assets/_Project/Scenes/Archive/Recovery_001.unity using Guid(0056c4cea961f4741bcd6555f00af9e7) Importer(2089858483,b0f066a214c2f5e87bad3c948f4d605d) (ScriptedImporter) -> (Import Result ID: 'f0716fe7241ce62c2c170fc8c1f5fcc5') in 0.020205 seconds [static and dynamic dependencies]. Details - ImportResultOutputID=af5306074ed99a9891674e7062756699 DependenciesID=eece6142fb382bef0fd55ee6ae986352 StaticDependenciesID=ad0697aa4cad4ae93ab742d5195f1af9 
Number of updated asset objects reloaded before import = 0Number of asset objects unloaded after import = 1

========================================================================
Received Import Request.
  Time since last request: 0.000019 seconds.
  path: Assets/_Project/Runtime/Gameplay/Player
  importAddress: Guid(e9a75b129507dfb449cd88f32c72bd39) Importer(815301076,1909f56bfc062723c751e8b465ee728b)
Start importing Assets/_Project/Runtime/Gameplay/Player using Guid(e9a75b129507dfb449cd88f32c72bd39) Importer(815301076,1909f56bfc062723c751e8b465ee728b) (PreviewImporter) -> (Import Result ID: '4d173fd54f59139b418bf5588e87758b') in 0.0007378 seconds [static and dynamic dependencies]. Details - ImportResultOutputID=655535c0fd83ad472a180201cbb9af3d DependenciesID=d664f61198c73870c282ee1822c0dd0b StaticDependenciesID=1f43c553eeca668f1d4049903e212f7c 
Number of updated asset objects reloaded before import = 0Number of asset objects unloaded after import = 0

========================================================================
Received Import Request.
  Time since last request: 0.000028 seconds.
  path: Assets/_Project/Art/Materials/Gameplay/Gameplay_HighlightYellow.mat
  importAddress: Guid(3b9abb3c9b240f34380cdeb334bb92f6) Importer(2089858483,b0f066a214c2f5e87bad3c948f4d605d)
Start importing Assets/_Project/Art/Materials/Gameplay/Gameplay_HighlightYellow.mat using Guid(3b9abb3c9b240f34380cdeb334bb92f6) Importer(2089858483,b0f066a214c2f5e87bad3c948f4d605d) (ScriptedImporter) -> (Import Result ID: '323f7896052afba0365cd2a51ed881bc') in 0.0258817 seconds [static and dynamic dependencies]. Details - ImportResultOutputID=01e134d060fb37c155fc84a1708f6f19 DependenciesID=2538f3c6adcf8c261433e90a2ddd08f3 StaticDependenciesID=85efa9bf520d17d8901ea92e1ccb463e 
Number of updated asset objects reloaded before import = 0Number of asset objects unloaded after import = 1

========================================================================
Received Import Request.
  Time since last request: 0.000036 seconds.
  path: Assets/TextMesh Pro/Shaders/TMPro.cginc
  importAddress: Guid(407bc68d299748449bbf7f48ee690f8d) Importer(2089858483,b0f066a214c2f5e87bad3c948f4d605d)
Start importing Assets/TextMesh Pro/Shaders/TMPro.cginc using Guid(407bc68d299748449bbf7f48ee690f8d) Importer(2089858483,b0f066a214c2f5e87bad3c948f4d605d) (ScriptedImporter) -> (Import Result ID: '7869825ca52a0063011d977b2b1227de') in 0.0213628 seconds [static and dynamic dependencies]. Details - ImportResultOutputID=16331c11b7fb7b624d0a2cee2ddc234a DependenciesID=ddf0e0bb782239c71e88184cf31ab7f6 StaticDependenciesID=5392e794b82f768427ad6b171babacf0 
Number of updated asset objects reloaded before import = 0Number of asset objects unloaded after import = 1

========================================================================
Received Import Request.
  Time since last request: 0.000018 seconds.
  path: Assets/_Project/Art/Materials/World/World_Black.mat
  importAddress: Guid(29927b0f0ba295f48aa542d4497cee5b) Importer(2089858483,b0f066a214c2f5e87bad3c948f4d605d)
Start importing Assets/_Project/Art/Materials/World/World_Black.mat using Guid(29927b0f0ba295f48aa542d4497cee5b) Importer(2089858483,b0f066a214c2f5e87bad3c948f4d605d) (ScriptedImporter) -> (Import Result ID: 'f7a6d397de15407ea2727adff5d3ed5c') in 0.0286946 seconds [static and dynamic dependencies]. Details - ImportResultOutputID=f0b619c848e355b66acb77bc6bebd6c2 DependenciesID=3ad52e827fb0aca8789f6e47703260a1 StaticDependenciesID=70d81e84d4d553e9daefa75ac386d058 
Number of updated asset objects reloaded before import = 0Number of asset objects unloaded after import = 1

========================================================================
Received Import Request.
  Time since last request: 0.000019 seconds.
  path: Assets/_Project/Rendering/Shaders/ScoreTargetVisibleOverlay.shader
  importAddress: Guid(5b3f87173e8d7644f9a8a156603b7a2f) Importer(2089858483,b0f066a214c2f5e87bad3c948f4d605d)
Start importing Assets/_Project/Rendering/Shaders/ScoreTargetVisibleOverlay.shader using Guid(5b3f87173e8d7644f9a8a156603b7a2f) Importer(2089858483,b0f066a214c2f5e87bad3c948f4d605d) (ScriptedImporter) -> (Import Result ID: '9984fbdc4a93af9277bdc38ace25bdb6') in 0.0197101 seconds [static and dynamic dependencies]. Details - ImportResultOutputID=a699244afb7456df121056ae0b8cd896 DependenciesID=4f932a3f515d2199e120b3fa664f67e3 StaticDependenciesID=6dbfaf50f3514f600e9775a5dd138312 
Number of updated asset objects reloaded before import = 0Number of asset objects unloaded after import = 1

========================================================================
Received Import Request.
  Time since last request: 0.000021 seconds.
  path: Assets/_Project/Runtime/Presentation/Menu/StartMenuManager.cs
  importAddress: Guid(7b7e98f6aaeb4a37aa9556e9011be65f) Importer(2089858483,b0f066a214c2f5e87bad3c948f4d605d)
Start importing Assets/_Project/Runtime/Presentation/Menu/StartMenuManager.cs using Guid(7b7e98f6aaeb4a37aa9556e9011be65f) Importer(2089858483,b0f066a214c2f5e87bad3c948f4d605d) (ScriptedImporter) -> (Import Result ID: '6d99e7ea54c867d9541eea4bc59b5c35') in 0.0201478 seconds [static and dynamic dependencies]. Details - ImportResultOutputID=09e262e58e58629b3dbf78cdedf9334c DependenciesID=a3f31c9320c56a5d3ba69ffcb2be426a StaticDependenciesID=2c5492ba342a6647356abd7c01efab2d 
Number of updated asset objects reloaded before import = 0Number of asset objects unloaded after import = 0

========================================================================
Received Import Request.
  Time since last request: 0.000043 seconds.
  path: Assets/TextMesh Pro/Resources/LineBreaking Following Characters.txt
  importAddress: Guid(fade42e8bc714b018fac513c043d323b) Importer(2089858483,b0f066a214c2f5e87bad3c948f4d605d)
Start importing Assets/TextMesh Pro/Resources/LineBreaking Following Characters.txt using Guid(fade42e8bc714b018fac513c043d323b) Importer(2089858483,b0f066a214c2f5e87bad3c948f4d605d) (ScriptedImporter) -> (Import Result ID: '98c86fddf171f3b5c005c37d74c5e32f') in 0.0199244 seconds [static and dynamic dependencies]. Details - ImportResultOutputID=d144cde4ac9872844e0a1f909d20eb62 DependenciesID=9d3b4599c2ade7f202ce423a41765201 StaticDependenciesID=90e18e177f71b5b2ecebe031e5e8ac67 
Number of updated asset objects reloaded before import = 0Number of asset objects unloaded after import = 1

========================================================================
Received Import Request.
  Time since last request: 0.000021 seconds.
  path: Assets/_Project/Runtime/Presentation/UI/Shared/JapaneseUIFont.cs
  importAddress: Guid(3d09f4e59ae07b54b8c2a5503403d3bb) Importer(2089858483,b0f066a214c2f5e87bad3c948f4d605d)
Start importing Assets/_Project/Runtime/Presentation/UI/Shared/JapaneseUIFont.cs using Guid(3d09f4e59ae07b54b8c2a5503403d3bb) Importer(2089858483,b0f066a214c2f5e87bad3c948f4d605d) (ScriptedImporter) -> (Import Result ID: '14643c94b65750f52055de2d15d2a3d9') in 0.0165032 seconds [static and dynamic dependencies]. Details - ImportResultOutputID=fe4ee39ff570bf063638c1412b95dbdf DependenciesID=1f37817313a8e1d22bd9e503d4c7b4d5 StaticDependenciesID=d0ff3f4863998345c535a0b37163f7d3 
Number of updated asset objects reloaded before import = 0Number of asset objects unloaded after import = 0

========================================================================
Received Import Request.
  Time since last request: 0.000035 seconds.
  path: Assets/_Project/Art/Models/Environment/door01.png
  importAddress: Guid(484159f3e9fa8024ba2e6ee1a627c378) Importer(2089858483,b0f066a214c2f5e87bad3c948f4d605d)
Start importing Assets/_Project/Art/Models/Environment/door01.png using Guid(484159f3e9fa8024ba2e6ee1a627c378) Importer(2089858483,b0f066a214c2f5e87bad3c948f4d605d) (ScriptedImporter) -> (Import Result ID: '8f6352944b9bdc2f3d14e2e628af851b') in 0.0624389 seconds [static and dynamic dependencies]. Details - ImportResultOutputID=dd3b833940832e4c2736262a3dd8173d DependenciesID=89e784c378682d186b52214e74f3a8f2 StaticDependenciesID=1a93ced17d94c6166fde5480d83b5510 
Number of updated asset objects reloaded before import = 0Number of asset objects unloaded after import = 1

========================================================================
Received Import Request.
  Time since last request: 38.747406 seconds.
  path: Assets/_Project/Runtime/Gameplay/Player/PlayerMovementPresetApplier.cs
  importAddress: Guid(a7b68fa691854c35974a55ee6f025e14) Importer(815301076,1909f56bfc062723c751e8b465ee728b)
Start importing Assets/_Project/Runtime/Gameplay/Player/PlayerMovementPresetApplier.cs using Guid(a7b68fa691854c35974a55ee6f025e14) Importer(815301076,1909f56bfc062723c751e8b465ee728b) (PreviewImporter) -> (Import Result ID: '8c6b115bf0bb8072c10574b7da74f1c7') in 0.0017469 seconds [static and dynamic dependencies]. Details - ImportResultOutputID=5bfb555ae4c36206418e1d51b1b83e98 DependenciesID=ed15a0e8e9fe6def57a7a8e80c9ed32e StaticDependenciesID=41523e64cfd15c65fc5b4cc72f442f9a 
Number of updated asset objects reloaded before import = 0Number of asset objects unloaded after import = 0

========================================================================
Received Import Request.
  Time since last request: 2.552775 seconds.
  path: Assets/_Project/Runtime/Gameplay/Player/PlayerMovementControlPreset.cs
  importAddress: Guid(c92f650f68294b8b91b4f2f1ed760c8f) Importer(815301076,1909f56bfc062723c751e8b465ee728b)
Start importing Assets/_Project/Runtime/Gameplay/Player/PlayerMovementControlPreset.cs using Guid(c92f650f68294b8b91b4f2f1ed760c8f) Importer(815301076,1909f56bfc062723c751e8b465ee728b) (PreviewImporter) -> (Import Result ID: 'd8ae74564bbbafced648e7d75d5fedfe') in 0.0006821 seconds [static and dynamic dependencies]. Details - ImportResultOutputID=65c891998e6727e6ce05845f4a7294fd DependenciesID=320508714b5e8d9414700091229dc9dd StaticDependenciesID=6a9d47be928e39f346743546cd44d641 
Number of updated asset objects reloaded before import = 0Number of asset objects unloaded after import = 0

========================================================================
Received Import Request.
  Time since last request: 1.271118 seconds.
  path: Assets/_Project/Runtime/Gameplay/Player/PlayerManager.cs
  importAddress: Guid(59c9fac1e13f65945aefd0b28ef1e6d0) Importer(815301076,1909f56bfc062723c751e8b465ee728b)
Start importing Assets/_Project/Runtime/Gameplay/Player/PlayerManager.cs using Guid(59c9fac1e13f65945aefd0b28ef1e6d0) Importer(815301076,1909f56bfc062723c751e8b465ee728b) (PreviewImporter) -> (Import Result ID: 'd0a769d59cb4d75a6be25a4815688d0f') in 0.0006208 seconds [static and dynamic dependencies]. Details - ImportResultOutputID=cff9ede61b47dee028bef9148df357a4 DependenciesID=8d58c876b588cf67e617233db46305f6 StaticDependenciesID=59d72bf340a08d696b0cc19dccc1cf48 
Number of updated asset objects reloaded before import = 0Number of asset objects unloaded after import = 0

========================================================================
Received Import Request.
  Time since last request: 0.387952 seconds.
  path: Assets/_Project/Runtime/Gameplay/Player/PlayerInventory.cs
  importAddress: Guid(8e2bf05a67fd9794aa168b771597da97) Importer(815301076,1909f56bfc062723c751e8b465ee728b)
Start importing Assets/_Project/Runtime/Gameplay/Player/PlayerInventory.cs using Guid(8e2bf05a67fd9794aa168b771597da97) Importer(815301076,1909f56bfc062723c751e8b465ee728b) (PreviewImporter) -> (Import Result ID: '233e59147685bde7c1b46464bcc5bda6') in 0.0010368 seconds [static and dynamic dependencies]. Details - ImportResultOutputID=a5354114e7988e6aabdcfeca408f0f19 DependenciesID=2799ba897fbd2e233ecb42bfcb6f465c StaticDependenciesID=4ad6dc4dafe2209943cecf8d86d16fa5 
Number of updated asset objects reloaded before import = 0Number of asset objects unloaded after import = 0

========================================================================
Received Import Request.
  Time since last request: 0.329624 seconds.
  path: Assets/_Project/Runtime/Gameplay/Player/PlayerCollisionReporter.cs
  importAddress: Guid(1b38e5e27ef17c948b179e5b13564e43) Importer(815301076,1909f56bfc062723c751e8b465ee728b)
Start importing Assets/_Project/Runtime/Gameplay/Player/PlayerCollisionReporter.cs using Guid(1b38e5e27ef17c948b179e5b13564e43) Importer(815301076,1909f56bfc062723c751e8b465ee728b) (PreviewImporter) -> (Import Result ID: 'b3ad0f41abe15d6dcff5c53d23d640c6') in 0.0011538 seconds [static and dynamic dependencies]. Details - ImportResultOutputID=dd27e13a093a90717b3fe524d6923b68 DependenciesID=eb5acbfd4761b01e2db2a490932e1557 StaticDependenciesID=da8e522a62c0cd3fb8ce4e9a07c5c52f 
Number of updated asset objects reloaded before import = 0Number of asset objects unloaded after import = 0

========================================================================
Received Import Request.
  Time since last request: 0.400236 seconds.
  path: Assets/_Project/Runtime/Gameplay/Player/InventoryInfluenceSettings.cs
  importAddress: Guid(bccd05e4099230e408325a2996187568) Importer(815301076,1909f56bfc062723c751e8b465ee728b)
Start importing Assets/_Project/Runtime/Gameplay/Player/InventoryInfluenceSettings.cs using Guid(bccd05e4099230e408325a2996187568) Importer(815301076,1909f56bfc062723c751e8b465ee728b) (PreviewImporter) -> (Import Result ID: 'f44d17c1ebd5fc698980f4a3f45a095a') in 0.0006243 seconds [static and dynamic dependencies]. Details - ImportResultOutputID=b1c217611b30db89832e53d25b3c2fcb DependenciesID=3932753c97bec4efafcf838eed665297 StaticDependenciesID=351e5ce668a1c48692ed32b99d9579ab 
Number of updated asset objects reloaded before import = 0Number of asset objects unloaded after import = 0

========================================================================
Received Import Request.
  Time since last request: 12.056622 seconds.
  path: Assets/_Project/Scenes/Gameplay
  importAddress: Guid(5e23303e45166cb47898f366aac07677) Importer(815301076,1909f56bfc062723c751e8b465ee728b)
Start importing Assets/_Project/Scenes/Gameplay using Guid(5e23303e45166cb47898f366aac07677) Importer(815301076,1909f56bfc062723c751e8b465ee728b) (PreviewImporter) -> (Import Result ID: '9f76803bd21b86739f827bf3bc47b166') in 0.0006579 seconds [static and dynamic dependencies]. Details - ImportResultOutputID=246f085ea8047903057462e0e448d1db DependenciesID=65c70f72e043ad36dd30cb233445442e StaticDependenciesID=6dfd1adbb88a407f6942e61a54c66f62 
Number of updated asset objects reloaded before import = 0Number of asset objects unloaded after import = 0

========================================================================
Received Import Request.
  Time since last request: 1.143044 seconds.
  path: Assets/_Project/Scenes/Menu
  importAddress: Guid(0731b75effa54eb4b948fbdfd9b83698) Importer(815301076,1909f56bfc062723c751e8b465ee728b)
Start importing Assets/_Project/Scenes/Menu using Guid(0731b75effa54eb4b948fbdfd9b83698) Importer(815301076,1909f56bfc062723c751e8b465ee728b) (PreviewImporter) -> (Import Result ID: '12b3c8b9eee6a3b5120eb33a1fd38074') in 0.0006209 seconds [static and dynamic dependencies]. Details - ImportResultOutputID=39c14a33ad25b4eaf068c566c537ffe4 DependenciesID=5f7b7fe8b1d68d58c5d237cc89241d83 StaticDependenciesID=4dbfad403fe6d5fd80610b70162a5c96 
Number of updated asset objects reloaded before import = 0Number of asset objects unloaded after import = 0

========================================================================
Received Import Request.
  Time since last request: 0.511081 seconds.
  path: Assets/_Project/Scenes/Menu/MainMenu.unity
  importAddress: Guid(a43e4c5d1fbe4d0d93275f83b74e7f0a) Importer(815301076,1909f56bfc062723c751e8b465ee728b)
Start importing Assets/_Project/Scenes/Menu/MainMenu.unity using Guid(a43e4c5d1fbe4d0d93275f83b74e7f0a) Importer(815301076,1909f56bfc062723c751e8b465ee728b) (PreviewImporter) -> (Import Result ID: '92c33eaba24958eee67edf2dacfa089b') in 0.0007464 seconds [static and dynamic dependencies]. Details - ImportResultOutputID=3676a0e3935301bd06521d1377994ee4 DependenciesID=82eb6361ac1fafe6d331472c39d73749 StaticDependenciesID=d0bb7f33b6b4d85dc42f2f047b605df9 
Number of updated asset objects reloaded before import = 0Number of asset objects unloaded after import = 0

========================================================================
Received Prepare
'Packages/com.unity.cinemachine/Editor/Obsolete/CinemachineVirtualCameraBaseEditor.cs' contains partial class of Unity.Object, exactly 1 of the partial classes needs to be in a file with the same filename. This is to know the one that can be referenced from ie. GameObjects
'Packages/com.unity.cinemachine/Editor/Editors/CinemachineVirtualCameraBaseEditor.cs' contains partial class of Unity.Object, exactly 1 of the partial classes needs to be in a file with the same filename. This is to know the one that can be referenced from ie. GameObjects
Refreshing native plugins compatible for Editor in 5.27 ms, found 4 plugins.
Unloading 25 Unused Serialized files (Serialized files now loaded: 0)
Unloading 6943 unused Assets / (4.4 MB). Loaded Objects now: 7782.
Memory consumption went from 161.2 MB to 156.8 MB.
Total: 19.606600 ms (FindLiveObjects: 1.267200 ms CreateObjectMapping: 1.005800 ms MarkObjects: 11.185700 ms  DeleteObjects: 6.145900 ms)

Prepare: number of updated asset objects reloaded= 0
========================================================================
Received Import Request.
  Time since last request: 80.231256 seconds.
  path: Assets/_Project/Runtime/Gameplay/Player/PlayerMovementControlPreset.cs
  importAddress: Guid(c92f650f68294b8b91b4f2f1ed760c8f) Importer(2089858483,b0f066a214c2f5e87bad3c948f4d605d)
Start importing Assets/_Project/Runtime/Gameplay/Player/PlayerMovementControlPreset.cs using Guid(c92f650f68294b8b91b4f2f1ed760c8f) Importer(2089858483,b0f066a214c2f5e87bad3c948f4d605d) (ScriptedImporter) -> (Import Result ID: 'ad80f9c871101048160d350cc4c1f5de') in 0.0250566 seconds [static and dynamic dependencies]. Details - ImportResultOutputID=da0ff406413cb5eb180d05dcbf86ce4f DependenciesID=0c414ea965ea99eabce3aec4d90cb69e StaticDependenciesID=4abf2ffc8caafe91edb0eac0d81689bd 
Number of updated asset objects reloaded before import = 0Number of asset objects unloaded after import = 0

========================================================================
Received Prepare
Assembly reference Packages/com.unity.cinemachine/Editor/Samples/ExposeHDRPInternals/HDRP-Editor-ref.asmref has no target assembly definition
Assembly reference Packages/com.unity.cinemachine/Editor/Samples/ExposeHDRPInternals/HDRP-Editor-ref.asmref has no target assembly definition
Begin MonoManager ReloadAssembly
[Licensing::Client] Successfully resolved entitlement details
Assembly Assembly-CSharp-Editor-firstpass.dll at Library/ScriptAssemblies/Assembly-CSharp-Editor-firstpass.dll not valid. Loading of assembly skipped.
Assembly Assembly-CSharp-firstpass.dll at Library/ScriptAssemblies/Assembly-CSharp-firstpass.dll not valid. Loading of assembly skipped.
Assembly DocCodeExamples.dll at Library/ScriptAssemblies/DocCodeExamples.dll not valid. Loading of assembly skipped.
Assembly TestNewCustomAssembly.dll at Library/ScriptAssemblies/TestNewCustomAssembly.dll not valid. Loading of assembly skipped.
Assembly Unity.Collections.BurstCompatibilityGen.dll at Library/ScriptAssemblies/Unity.Collections.BurstCompatibilityGen.dll not valid. Loading of assembly skipped.
Assembly Unity.Collections.DocCodeSamples.dll at Library/ScriptAssemblies/Unity.Collections.DocCodeSamples.dll not valid. Loading of assembly skipped.
Assembly Unity.Collections.PerformanceTests.dll at Library/ScriptAssemblies/Unity.Collections.PerformanceTests.dll not valid. Loading of assembly skipped.
Assembly Unity.Collections.Tests.dll at Library/ScriptAssemblies/Unity.Collections.Tests.dll not valid. Loading of assembly skipped.
Assembly Unity.Collections.Tests.Playmode.dll at Library/ScriptAssemblies/Unity.Collections.Tests.Playmode.dll not valid. Loading of assembly skipped.
Assembly Unity.InputSystem.IntegrationTests.dll at Library/ScriptAssemblies/Unity.InputSystem.IntegrationTests.dll not valid. Loading of assembly skipped.
Assembly Unity.Mathematics.Tests.dll at Library/ScriptAssemblies/Unity.Mathematics.Tests.dll not valid. Loading of assembly skipped.
Assembly Unity.Multiplayer.Center.Editor.Tests.dll at Library/ScriptAssemblies/Unity.Multiplayer.Center.Editor.Tests.dll not valid. Loading of assembly skipped.
Assembly Unity.Multiplayer.Center.Tests.dll at Library/ScriptAssemblies/Unity.Multiplayer.Center.Tests.dll not valid. Loading of assembly skipped.
Assembly Unity.Nuget.Mono-Cecil.dll at Library/ScriptAssemblies/Unity.Nuget.Mono-Cecil.dll not valid. Loading of assembly skipped.
Assembly Unity.PathTracing.Editor.Tests.dll at Library/ScriptAssemblies/Unity.PathTracing.Editor.Tests.dll not valid. Loading of assembly skipped.
Assembly Unity.PathTracing.Runtime.Tests.dll at Library/ScriptAssemblies/Unity.PathTracing.Runtime.Tests.dll not valid. Loading of assembly skipped.
Assembly Unity.RenderPipelines.Core.Editor.Tests.dll at Library/ScriptAssemblies/Unity.RenderPipelines.Core.Editor.Tests.dll not valid. Loading of assembly skipped.
Assembly Unity.RenderPipelines.Core.Runtime.Tests.dll at Library/ScriptAssemblies/Unity.RenderPipelines.Core.Runtime.Tests.dll not valid. Loading of assembly skipped.
Assembly Unity.RenderPipelines.Universal.Config.Editor.Tests.dll at Library/ScriptAssemblies/Unity.RenderPipelines.Universal.Config.Editor.Tests.dll not valid. Loading of assembly skipped.
Assembly Unity.RenderPipelines.Universal.Editor.Tests.dll at Library/ScriptAssemblies/Unity.RenderPipelines.Universal.Editor.Tests.dll not valid. Loading of assembly skipped.
Assembly Unity.RenderPipelines.Universal.Runtime.Tests.dll at Library/ScriptAssemblies/Unity.RenderPipelines.Universal.Runtime.Tests.dll not valid. Loading of assembly skipped.
Assembly Unity.Searcher.EditorTests.dll at Library/ScriptAssemblies/Unity.Searcher.EditorTests.dll not valid. Loading of assembly skipped.
Assembly Unity.Settings.Tests.dll at Library/ScriptAssemblies/Unity.Settings.Tests.dll not valid. Loading of assembly skipped.
Assembly Unity.ShaderGraph.Editor.Tests.dll at Library/ScriptAssemblies/Unity.ShaderGraph.Editor.Tests.dll not valid. Loading of assembly skipped.
Assembly Unity.TextMeshPro.Editor.Tests.dll at Library/ScriptAssemblies/Unity.TextMeshPro.Editor.Tests.dll not valid. Loading of assembly skipped.
Assembly Unity.TextMeshPro.Tests.dll at Library/ScriptAssemblies/Unity.TextMeshPro.Tests.dll not valid. Loading of assembly skipped.
Assembly Unity.UnifiedRayTracing.Editor.Tests.dll at Library/ScriptAssemblies/Unity.UnifiedRayTracing.Editor.Tests.dll not valid. Loading of assembly skipped.
Assembly UnityEditor.UI.Common.Tests.dll at Library/ScriptAssemblies/UnityEditor.UI.Common.Tests.dll not valid. Loading of assembly skipped.
Assembly UnityEditor.UI.EditorTests.dll at Library/ScriptAssemblies/UnityEditor.UI.EditorTests.dll not valid. Loading of assembly skipped.
Assembly UnityEngine.UI.Tests.dll at Library/ScriptAssemblies/UnityEngine.UI.Tests.dll not valid. Loading of assembly skipped.
Assembly reference Packages/com.unity.cinemachine/Editor/Samples/ExposeHDRPInternals/HDRP-Editor-ref.asmref has no target assembly definition
'Packages/com.unity.cinemachine/Editor/Obsolete/CinemachineVirtualCameraBaseEditor.cs' contains partial class of Unity.Object, exactly 1 of the partial classes needs to be in a file with the same filename. This is to know the one that can be referenced from ie. GameObjects
'Packages/com.unity.cinemachine/Editor/Editors/CinemachineVirtualCameraBaseEditor.cs' contains partial class of Unity.Object, exactly 1 of the partial classes needs to be in a file with the same filename. This is to know the one that can be referenced from ie. GameObjects
Native extension for WindowsStandalone target not found
Assembly reference Packages/com.unity.cinemachine/Editor/Samples/ExposeHDRPInternals/HDRP-Editor-ref.asmref has no target assembly definition
[Package Manager] Failed to launch server process. Reason: Unity was launched with the -noUpm command-line argument
[Package Manager] Unable to send message (not connected to server process).
[Package Manager] Cannot connect to Unity Package Manager local server
[Package Manager] Failed to launch server process. Reason: Unity was launched with the -noUpm command-line argument
[Package Manager] Unable to send message (not connected to server process).
[Package Manager] Cannot connect to Unity Package Manager local server
[Package Manager] Failed to launch server process. Reason: Unity was launched with the -noUpm command-line argument
[Package Manager] Unable to send message (not connected to server process).
[Package Manager] Cannot connect to Unity Package Manager local server
ScheduleIndexationOnStartup MainProcess:False IndexOnStartup:True
Mono: successfully reloaded assembly
- Finished resetting the current domain, in  0.983 seconds
Domain Reload Profiling: 1944ms
	BeginReloadAssembly (252ms)
		DisableScriptedObjects (8ms)
		CreateAndSetChildDomain (56ms)
	RebuildCommonClasses (53ms)
	RebuildNativeTypeToScriptingClass (15ms)
	initialDomainReloadingComplete (64ms)
	LoadAllAssembliesAndSetupDomain (577ms)
		LoadAssemblies (415ms)
		AnalyzeDomain (273ms)
			TypeCache.Refresh (12ms)
			BuildScriptInfoCaches (245ms)
			ResolveRequiredComponents (14ms)
	FinalizeReload (983ms)
		SetupLoadedEditorAssemblies (0ms)
			BeforeProcessingInitializeOnLoad (217ms)
			ProcessInitializeOnLoadAttributes (432ms)
			ProcessInitializeOnLoadMethodAttributes (80ms)
			AfterProcessingInitializeOnLoad (5ms)
		AwakeInstancesAfterBackupRestoration (17ms)
Unloading 25 Unused Serialized files (Serialized files now loaded: 0)
Unloading 6953 unused Assets / (5.7 MB). Loaded Objects now: 7797.
Memory consumption went from 169.7 MB to 164.0 MB.
Total: 7.802800 ms (FindLiveObjects: 0.495800 ms CreateObjectMapping: 0.359700 ms MarkObjects: 4.932600 ms  DeleteObjects: 2.013100 ms)

Prepare: number of updated asset objects reloaded= 0
