[Licensing::Module] Trying to connect to existing licensing client channel...
Built from '6000.4/staging' branch; Version is '6000.4.2f1 (7a4c1aeef971) revision 8014874'; Using compiler version '194234433'; Build Type 'Release'
[Licensing::IpcConnector] Successfully connected to: "LicenseClient-rrspk" at "2026-09-15T08:55:55.2940378Z"
OS: 'Windows 11  (10.0.26200) Core' Language: 'ja' Physical Memory: 32394 MB
BatchMode: 1, IsHumanControllingUs: 0, StartBugReporterOnCrash: 0, Is64bit: 1
System  architecture: x64
Process architecture: x64
Date: 2026-09-15T08:55:55Z

COMMAND LINE ARGUMENTS:
C:\Program Files\Unity\Hub\Editor\6000.4.2f1\Editor\Unity.exe
-adb2
-batchMode
-noUpm
-name
AssetImportWorker0
-projectPath
C:/Users/rrspk/OneDrive/デスクトップ/unity保存/-shopping/爆走ショッピング
-logFile
Logs/AssetImportWorker0.log
-srvPort
65473
-licensingIpc
LicenseClient-rrspk
-force-d3d12
-job-worker-count
7
-background-job-worker-count
8
-gc-helper-count
1
-name
AssetImport
Successfully changed project path to: C:/Users/rrspk/OneDrive/デスクトップ/unity保存/-shopping/爆走ショッピング
C:/Users/rrspk/OneDrive/デスクトップ/unity保存/-shopping/爆走ショッピング
[UnityMemory] Configuration Parameters - Can be set up in boot.config
    "memorysetup-temp-allocator-size-gi-baking-worker=262144"
    "memorysetup-temp-allocator-size-gi-baking-worker=262144"
    "memorysetup-temp-allocator-size-gi-baking-worker=262144"
    "memorysetup-temp-allocator-size-gi-baking-worker=262144"
    "memorysetup-temp-allocator-size-gi-baking-worker=262144"
    "memorysetup-temp-allocator-size-nav-mesh-worker=65536"
    "memorysetup-temp-allocator-size-audio-worker=65536"
    "memorysetup-temp-allocator-size-cloud-worker=32768"
    "memorysetup-temp-allocator-size-gfx=262144"
    "memorysetup-temp-allocator-size-preload-manager=33554432"
    "memorysetup-temp-allocator-size-job-worker=262144"
    "memorysetup-temp-allocator-size-background-worker=32768"
    "memorysetup-allocator-temp-initial-block-size-main=262144"
    "memorysetup-allocator-temp-initial-block-size-worker=262144"
    "memorysetup-bucket-allocator-granularity=16"
    "memorysetup-bucket-allocator-bucket-count=8"
    "memorysetup-bucket-allocator-block-size=33554432"
    "memorysetup-bucket-allocator-block-count=8"
    "memorysetup-main-allocator-block-size=16777216"
    "memorysetup-thread-allocator-block-size=16777216"
    "memorysetup-gfx-main-allocator-block-size=16777216"
    "memorysetup-gfx-thread-allocator-block-size=16777216"
    "memorysetup-cache-allocator-block-size=4194304"
    "memorysetup-typetree-allocator-block-size=2097152"
    "memorysetup-profiler-bucket-allocator-granularity=16"
    "memorysetup-profiler-bucket-allocator-bucket-count=8"
    "memorysetup-profiler-bucket-allocator-block-size=33554432"
    "memorysetup-profiler-bucket-allocator-block-count=8"
    "memorysetup-profiler-allocator-block-size=16777216"
    "memorysetup-profiler-editor-allocator-block-size=1048576"
    "memorysetup-temp-allocator-size-main=16777216"
    "memorysetup-job-temp-allocator-block-size=2097152"
    "memorysetup-job-temp-allocator-block-size-background=1048576"
    "memorysetup-job-temp-allocator-reduction-small-platforms=262144"
Player connection [24748]  Target information:

Player connection [24748]  * "[IP] 192.168.252.239 [Port] 0 [Flags] 2 [Guid] 4077479319 [EditorId] 4077479319 [Version] 1048832 [Id] WindowsEditor(7,rrsp) [Debug] 1 [PackageName] WindowsEditor [ProjectName] Editor" 

Player connection [24748] Host joined multi-casting on [225.0.0.222:54997]...
Player connection [24748] Host joined alternative multi-casting on [225.0.0.222:34997]...
JobSystem: Creating JobQueue using job-worker-count value 7
Input System module state changed to: Initialized.
[Physics::Module] Initialized fallback backend.
[Physics::Module] Id: 0xdecafbad
Library Redirect Path: Library/
[Physics::Module] Selected backend.
[Physics::Module] Name: PhysX
[Physics::Module] Id: 0xf2b8ea05
[Physics::Module] SDK Version: 4.1.2
[Physics::Module] Integration Version: 1.0.0
[Physics::Module] Threading Mode: Multi-Threaded
Refreshing native plugins compatible for Editor in 5.38 ms, found 4 plugins.
Initialize engine version: 6000.4.2f1 (7a4c1aeef971)
[Subsystems] Discovering subsystems at path C:/Program Files/Unity/Hub/Editor/6000.4.2f1/Editor/Data/Resources/UnitySubsystems
[Subsystems] Discovering subsystems at path C:/Users/rrspk/OneDrive/デスクトップ/unity保存/-shopping/爆走ショッピング/Assets
Forcing GfxDevice: Direct3D 12
GfxDevice: creating device client; kGfxThreadingModeNonThreaded
d3d12: failed to query info queue interface (0x80004002).
Direct3D:
    Version:         Direct3D 12 [level 12.2]
    Renderer:        NVIDIA GeForce RTX 4060 Laptop GPU (ID=0x28e0)
    Vendor:          NVIDIA
    VRAM:            7956 MB
    App VRAM Budget: 7188 MB
    Driver:          32.0.15.9571
Initialize mono
Mono path[0] = 'C:/Program Files/Unity/Hub/Editor/6000.4.2f1/Editor/Data/Managed'
Mono path[1] = 'C:/Program Files/Unity/Hub/Editor/6000.4.2f1/Editor/Data/MonoBleedingEdge/lib/mono/unityjit-win32'
Mono config path = 'C:/Program Files/Unity/Hub/Editor/6000.4.2f1/Editor/Data/MonoBleedingEdge/etc'
Using monoOptions --debugger-agent=transport=dt_socket,embedding=1,server=y,suspend=n,address=127.0.0.1:56132
CodeReloadManager initialized
Begin MonoManager ReloadAssembly
Registering precompiled unity dll's ...
Register platform support module: C:/Program Files/Unity/Hub/Editor/6000.4.2f1/Editor/Data/PlaybackEngines/WindowsStandaloneSupport/UnityEditor.WindowsStandalone.Extensions.dll
Registered in 0.002945 seconds.
Native extension for WindowsStandalone target not found
Package Manager log level set to [2]
[Package Manager] Failed to launch server process. Reason: Unity was launched with the -noUpm command-line argument
[Package Manager] Unable to send message (not connected to server process).
[Package Manager] Cannot connect to Unity Package Manager local server
ScheduleIndexationOnStartup MainProcess:False IndexOnStartup:True
Mono: successfully reloaded assembly
- Finished resetting the current domain, in  0.858 seconds
Domain Reload Profiling: 1637ms
	BeginReloadAssembly (237ms)
	RebuildCommonClasses (61ms)
	RebuildNativeTypeToScriptingClass (18ms)
	initialDomainReloadingComplete (97ms)
	LoadAllAssembliesAndSetupDomain (362ms)
		LoadAssemblies (234ms)
		AnalyzeDomain (349ms)
			TypeCache.Refresh (348ms)
				TypeCache.ScanAssembly (327ms)
	FinalizeReload (861ms)
		SetupLoadedEditorAssemblies (0ms)
			InitializePlatformSupportModulesInManaged (74ms)
			BeforeProcessingInitializeOnLoad (124ms)
			ProcessInitializeOnLoadAttributes (298ms)
			ProcessInitializeOnLoadMethodAttributes (232ms)
Assembly reference Packages/com.unity.cinemachine/Editor/Samples/ExposeHDRPInternals/HDRP-Editor-ref.asmref has no target assembly definition
========================================================================
Worker process is ready to serve import requests
Import Worker Mode flag is 0x00
[Licensing::Client] Error: HandshakeResponse reported an error:
	ResponseCode: 505
	ResponseStatus: Unsupported protocol version '1.18.1'.
[Licensing::Module] Error: Failed to handshake to channel: "LicenseClient-rrspk"
[Licensing::IpcConnector] LicenseClient-rrspk channel disconnected successfully.
[Licensing::IpcConnector] Successfully connected to: "LicenseClient-rrspk-6000.4.2" at "2026-09-15T08:55:58.9117664Z"
Assembly reference Packages/com.unity.cinemachine/Editor/Samples/ExposeHDRPInternals/HDRP-Editor-ref.asmref has no target assembly definition
Assembly reference Packages/com.unity.cinemachine/Editor/Samples/ExposeHDRPInternals/HDRP-Editor-ref.asmref has no target assembly definition
Begin MonoManager ReloadAssembly
[Licensing::Module] Licensing is not yet initialized.
[Licensing::Client] Handshaking with LicensingClient:
  Version:                 1.18.1+9fbee8e
  Session Id:              5c850a95f86f4e91a9c12180cf9ed7cb
  Correlation Id:          d2563765fd6cb07ec3e1602e214f1980
  External correlation Id: 3929405685263141851
  Machine Id:              H51e3WdcQ5RedfbTpyVEUJyZXz8=
[Licensing::Module] Successfully connected to LicensingClient on channel: "LicenseClient-rrspk-6000.4.2" (connect: 0.00s, validation: 0.00s, handshake: 3.67s)
[Licensing::IpcConnector] Successfully connected to: "LicenseClient-rrspk-6000.4.2-notifications" at "2026-09-15T08:56:02.5894645Z"
[Licensing::Module] Licensing Background thread has ended after 7.30s
[Licensing::Module] Licensing is initialized (took 3.45s).
[Licensing::Client] Successfully resolved entitlement details
[Licensing::Module] License group:
  Id: 15669615411373-UnityPersXXXX
  Product: Unity Personal
  Type: Assigned
  Expiration: Unlimited
Assembly Assembly-CSharp-Editor-firstpass.dll at Library/ScriptAssemblies/Assembly-CSharp-Editor-firstpass.dll not valid. Loading of assembly skipped.
Assembly Assembly-CSharp-firstpass.dll at Library/ScriptAssemblies/Assembly-CSharp-firstpass.dll not valid. Loading of assembly skipped.
Assembly DocCodeExamples.dll at Library/ScriptAssemblies/DocCodeExamples.dll not valid. Loading of assembly skipped.
Assembly TestNewCustomAssembly.dll at Library/ScriptAssemblies/TestNewCustomAssembly.dll not valid. Loading of assembly skipped.
Assembly Unity.Collections.BurstCompatibilityGen.dll at Library/ScriptAssemblies/Unity.Collections.BurstCompatibilityGen.dll not valid. Loading of assembly skipped.
Assembly Unity.Collections.DocCodeSamples.dll at Library/ScriptAssemblies/Unity.Collections.DocCodeSamples.dll not valid. Loading of assembly skipped.
Assembly Unity.Collections.PerformanceTests.dll at Library/ScriptAssemblies/Unity.Collections.PerformanceTests.dll not valid. Loading of assembly skipped.
Assembly Unity.Collections.Tests.dll at Library/ScriptAssemblies/Unity.Collections.Tests.dll not valid. Loading of assembly skipped.
Assembly Unity.Collections.Tests.Playmode.dll at Library/ScriptAssemblies/Unity.Collections.Tests.Playmode.dll not valid. Loading of assembly skipped.
Assembly Unity.InputSystem.IntegrationTests.dll at Library/ScriptAssemblies/Unity.InputSystem.IntegrationTests.dll not valid. Loading of assembly skipped.
Assembly Unity.Mathematics.Tests.dll at Library/ScriptAssemblies/Unity.Mathematics.Tests.dll not valid. Loading of assembly skipped.
Assembly Unity.Multiplayer.Center.Editor.Tests.dll at Library/ScriptAssemblies/Unity.Multiplayer.Center.Editor.Tests.dll not valid. Loading of assembly skipped.
Assembly Unity.Multiplayer.Center.Tests.dll at Library/ScriptAssemblies/Unity.Multiplayer.Center.Tests.dll not valid. Loading of assembly skipped.
Assembly Unity.Nuget.Mono-Cecil.dll at Library/ScriptAssemblies/Unity.Nuget.Mono-Cecil.dll not valid. Loading of assembly skipped.
Assembly Unity.PathTracing.Editor.Tests.dll at Library/ScriptAssemblies/Unity.PathTracing.Editor.Tests.dll not valid. Loading of assembly skipped.
Assembly Unity.PathTracing.Runtime.Tests.dll at Library/ScriptAssemblies/Unity.PathTracing.Runtime.Tests.dll not valid. Loading of assembly skipped.
Assembly Unity.RenderPipelines.Core.Editor.Tests.dll at Library/ScriptAssemblies/Unity.RenderPipelines.Core.Editor.Tests.dll not valid. Loading of assembly skipped.
Assembly Unity.RenderPipelines.Core.Runtime.Tests.dll at Library/ScriptAssemblies/Unity.RenderPipelines.Core.Runtime.Tests.dll not valid. Loading of assembly skipped.
Assembly Unity.RenderPipelines.Universal.Config.Editor.Tests.dll at Library/ScriptAssemblies/Unity.RenderPipelines.Universal.Config.Editor.Tests.dll not valid. Loading of assembly skipped.
Assembly Unity.RenderPipelines.Universal.Editor.Tests.dll at Library/ScriptAssemblies/Unity.RenderPipelines.Universal.Editor.Tests.dll not valid. Loading of assembly skipped.
Assembly Unity.RenderPipelines.Universal.Runtime.Tests.dll at Library/ScriptAssemblies/Unity.RenderPipelines.Universal.Runtime.Tests.dll not valid. Loading of assembly skipped.
Assembly Unity.Searcher.EditorTests.dll at Library/ScriptAssemblies/Unity.Searcher.EditorTests.dll not valid. Loading of assembly skipped.
Assembly Unity.Settings.Tests.dll at Library/ScriptAssemblies/Unity.Settings.Tests.dll not valid. Loading of assembly skipped.
Assembly Unity.ShaderGraph.Editor.Tests.dll at Library/ScriptAssemblies/Unity.ShaderGraph.Editor.Tests.dll not valid. Loading of assembly skipped.
Assembly Unity.TextMeshPro.Editor.Tests.dll at Library/ScriptAssemblies/Unity.TextMeshPro.Editor.Tests.dll not valid. Loading of assembly skipped.
Assembly Unity.TextMeshPro.Tests.dll at Library/ScriptAssemblies/Unity.TextMeshPro.Tests.dll not valid. Loading of assembly skipped.
Assembly Unity.UnifiedRayTracing.Editor.Tests.dll at Library/ScriptAssemblies/Unity.UnifiedRayTracing.Editor.Tests.dll not valid. Loading of assembly skipped.
Assembly UnityEditor.UI.Common.Tests.dll at Library/ScriptAssemblies/UnityEditor.UI.Common.Tests.dll not valid. Loading of assembly skipped.
Assembly UnityEditor.UI.EditorTests.dll at Library/ScriptAssemblies/UnityEditor.UI.EditorTests.dll not valid. Loading of assembly skipped.
Assembly UnityEngine.UI.Tests.dll at Library/ScriptAssemblies/UnityEngine.UI.Tests.dll not valid. Loading of assembly skipped.
Assembly reference Packages/com.unity.cinemachine/Editor/Samples/ExposeHDRPInternals/HDRP-Editor-ref.asmref has no target assembly definition
'Packages/com.unity.cinemachine/Editor/Obsolete/CinemachineVirtualCameraBaseEditor.cs' contains partial class of Unity.Object, exactly 1 of the partial classes needs to be in a file with the same filename. This is to know the one that can be referenced from ie. GameObjects
'Packages/com.unity.cinemachine/Editor/Editors/CinemachineVirtualCameraBaseEditor.cs' contains partial class of Unity.Object, exactly 1 of the partial classes needs to be in a file with the same filename. This is to know the one that can be referenced from ie. GameObjects
Refreshing native plugins compatible for Editor in 3.14 ms, found 4 plugins.
Native extension for WindowsStandalone target not found
Assembly reference Packages/com.unity.cinemachine/Editor/Samples/ExposeHDRPInternals/HDRP-Editor-ref.asmref has no target assembly definition
[Package Manager] Failed to launch server process. Reason: Unity was launched with the -noUpm command-line argument
[Package Manager] Unable to send message (not connected to server process).
[Package Manager] Cannot connect to Unity Package Manager local server
[Package Manager] Failed to launch server process. Reason: Unity was launched with the -noUpm command-line argument
[Package Manager] Unable to send message (not connected to server process).
[Package Manager] Cannot connect to Unity Package Manager local server
[Package Manager] Failed to launch server process. Reason: Unity was launched with the -noUpm command-line argument
[Package Manager] Unable to send message (not connected to server process).
[Package Manager] Cannot connect to Unity Package Manager local server
Refreshing native plugins compatible for Editor in 2.32 ms, found 4 plugins.
ScheduleIndexationOnStartup MainProcess:False IndexOnStartup:True
Mono: successfully reloaded assembly
- Finished resetting the current domain, in  1.290 seconds
Domain Reload Profiling: 6172ms
	BeginReloadAssembly (3767ms)
		DisableScriptedObjects (12ms)
		CreateAndSetChildDomain (42ms)
	RebuildCommonClasses (62ms)
	RebuildNativeTypeToScriptingClass (19ms)
	initialDomainReloadingComplete (130ms)
	LoadAllAssembliesAndSetupDomain (904ms)
		LoadAssemblies (592ms)
		AnalyzeDomain (470ms)
			TypeCache.Refresh (309ms)
				TypeCache.ScanAssembly (288ms)
			BuildScriptInfoCaches (139ms)
			ResolveRequiredComponents (19ms)
	FinalizeReload (1290ms)
		SetupLoadedEditorAssemblies (0ms)
			InitializePlatformSupportModulesInManaged (6ms)
			BeforeProcessingInitializeOnLoad (275ms)
			ProcessInitializeOnLoadAttributes (506ms)
			ProcessInitializeOnLoadMethodAttributes (114ms)
			AfterProcessingInitializeOnLoad (8ms)
		AwakeInstancesAfterBackupRestoration (9ms)
Launched and connected shader compiler UnityShaderCompiler.exe after 0.03 seconds
Refreshing native plugins compatible for Editor in 3.31 ms, found 4 plugins.
Unloading 25 Unused Serialized files (Serialized files now loaded: 0)
Unloading 6955 unused Assets / (5.6 MB). Loaded Objects now: 7780.
Memory consumption went from 161.8 MB to 156.2 MB.
Total: 12.125300 ms (FindLiveObjects: 1.166800 ms CreateObjectMapping: 0.437800 ms MarkObjects: 7.640800 ms  DeleteObjects: 2.874800 ms)

========================================================================
Received Import Request.
  Time since last request: 8132.193878 seconds.
  path: Assets/TextMesh Pro/Shaders/TMP_SDF.shader
  importAddress: Guid(68e6db2ebdc24f95958faec2be5558d6) Importer(2089858483,b0f066a214c2f5e87bad3c948f4d605d)
Start importing Assets/TextMesh Pro/Shaders/TMP_SDF.shader using Guid(68e6db2ebdc24f95958faec2be5558d6) Importer(2089858483,b0f066a214c2f5e87bad3c948f4d605d) (ScriptedImporter) -> (Import Result ID: 'd4f2fc339616e1d6e07643a588092d84') in 0.1212781 seconds [static and dynamic dependencies]. Details - ImportResultOutputID=28878d75b16e58bfccb970732a72423f DependenciesID=d9db5375602675c926a97c787abe8792 StaticDependenciesID=02f2f145754d21c99257be40712f4a63 
Number of updated asset objects reloaded before import = 0Number of asset objects unloaded after import = 1

========================================================================
Received Import Request.
  Time since last request: 0.000029 seconds.
  path: Assets/_Project/Runtime/Gameplay/Scoring/ScoreboardManager.cs
  importAddress: Guid(9d8d8e606d7805843b4602c4f4559b8d) Importer(2089858483,b0f066a214c2f5e87bad3c948f4d605d)
Start importing Assets/_Project/Runtime/Gameplay/Scoring/ScoreboardManager.cs using Guid(9d8d8e606d7805843b4602c4f4559b8d) Importer(2089858483,b0f066a214c2f5e87bad3c948f4d605d) (ScriptedImporter) -> (Import Result ID: '19528d957dd0a4dc71e82deacf673f56') in 0.0230529 seconds [static and dynamic dependencies]. Details - ImportResultOutputID=21d38f137c9d989161f3596718944223 DependenciesID=e5e04d37533e1acdaf86a673f2289c16 StaticDependenciesID=6276bec6b896adc49e32114c377be3c4 
Number of updated asset objects reloaded before import = 0Number of asset objects unloaded after import = 0

========================================================================
Received Import Request.
  Time since last request: 0.000024 seconds.
  path: Assets/_Project/Runtime/Presentation/Feedback/CameraShakeController.cs
  importAddress: Guid(1e83cc67ea19e7a4eae0b0b69b1e980e) Importer(2089858483,b0f066a214c2f5e87bad3c948f4d605d)
Start importing Assets/_Project/Runtime/Presentation/Feedback/CameraShakeController.cs using Guid(1e83cc67ea19e7a4eae0b0b69b1e980e) Importer(2089858483,b0f066a214c2f5e87bad3c948f4d605d) (ScriptedImporter) -> (Import Result ID: 'e53e9e86727fee7764628655b65108a5') in 0.0136711 seconds [static and dynamic dependencies]. Details - ImportResultOutputID=fdaae8df859df1942658c4fa3ab49268 DependenciesID=839273a6b4a0fa67bc3c9f5fee51b445 StaticDependenciesID=019e6d772772bee85e3f60ce64552b91 
Number of updated asset objects reloaded before import = 0Number of asset objects unloaded after import = 0

========================================================================
Received Import Request.
  Time since last request: 0.000036 seconds.
  path: Assets/TextMesh Pro/Fonts/LiberationSans.ttf
  importAddress: Guid(e3265ab4bf004d28a9537516768c1c75) Importer(2089858483,b0f066a214c2f5e87bad3c948f4d605d)
Start importing Assets/TextMesh Pro/Fonts/LiberationSans.ttf using Guid(e3265ab4bf004d28a9537516768c1c75) Importer(2089858483,b0f066a214c2f5e87bad3c948f4d605d) (ScriptedImporter) -> (Import Result ID: '97eaefad69812b7e6a1923d0c8903eda') in 0.0503304 seconds [static and dynamic dependencies]. Details - ImportResultOutputID=917c1fc33ce16b726e3127720b22d6ea DependenciesID=035077e396e9afcd1945c31a24a3728b StaticDependenciesID=8d7b10ba804405d2fb9a467f6d8c5b4f 
Number of updated asset objects reloaded before import = 0Number of asset objects unloaded after import = 3

========================================================================
Received Import Request.
  Time since last request: 0.000030 seconds.
  path: Assets/_Project/Runtime/Gameplay/Scoring/SettlementArea.cs
  importAddress: Guid(f1b9a6dd47fbe774197feff6d2b82c70) Importer(2089858483,b0f066a214c2f5e87bad3c948f4d605d)
Start importing Assets/_Project/Runtime/Gameplay/Scoring/SettlementArea.cs using Guid(f1b9a6dd47fbe774197feff6d2b82c70) Importer(2089858483,b0f066a214c2f5e87bad3c948f4d605d) (ScriptedImporter) -> (Import Result ID: 'f2834ebe3973ec1812b115d2b7ce47d3') in 0.0187825 seconds [static and dynamic dependencies]. Details - ImportResultOutputID=94fc873f1dd35a8a85342be9700f01cb DependenciesID=8ec1c1c5504e4d21c4f6bb0ae8c15a38 StaticDependenciesID=4ab1fc689f5278ef471bb685407bcf2c 
Number of updated asset objects reloaded before import = 0Number of asset objects unloaded after import = 0

========================================================================
Received Import Request.
  Time since last request: 0.000023 seconds.
  path: Assets/TextMesh Pro/Shaders/TMP_SDF-Surface.shader
  importAddress: Guid(f7ada0af4f174f0694ca6a487b8f543d) Importer(2089858483,b0f066a214c2f5e87bad3c948f4d605d)
Start importing Assets/TextMesh Pro/Shaders/TMP_SDF-Surface.shader using Guid(f7ada0af4f174f0694ca6a487b8f543d) Importer(2089858483,b0f066a214c2f5e87bad3c948f4d605d) (ScriptedImporter) -> (Import Result ID: 'a379614c79434d24d6ee2e5770ecd2e4') in 0.0178602 seconds [static and dynamic dependencies]. Details - ImportResultOutputID=7eecc9d546072fb0c2e192181a0a8e18 DependenciesID=fdacfda39366ab1b6fa3f40c20a9a1c8 StaticDependenciesID=4be9fe2bc8c8a5e12a808b7d050f93d3 
Number of updated asset objects reloaded before import = 0Number of asset objects unloaded after import = 1

========================================================================
Received Import Request.
  Time since last request: 0.000023 seconds.
  path: Assets/_Project/Art/Models/Environment/CashRegister.fbx
  importAddress: Guid(c14a34a8a5fcc3d49a621861b2b04f6b) Importer(2089858483,b0f066a214c2f5e87bad3c948f4d605d)
Start importing Assets/_Project/Art/Models/Environment/CashRegister.fbx using Guid(c14a34a8a5fcc3d49a621861b2b04f6b) Importer(2089858483,b0f066a214c2f5e87bad3c948f4d605d) (ScriptedImporter) -> (Import Result ID: 'bf6b117eb3c4eb20db2a5ccd37f9017d') in 0.1027018 seconds [static and dynamic dependencies]. Details - ImportResultOutputID=e7081c6daa694e672d97c42eb0903b65 DependenciesID=2cd865e0f779f1ad62bae9a10a1c1b23 StaticDependenciesID=25b7d1b2a25a14e131d17b324688a61c 
Number of updated asset objects reloaded before import = 0Number of asset objects unloaded after import = 107

========================================================================
Received Import Request.
  Time since last request: 0.000042 seconds.
  path: Assets/_Project/Runtime
  importAddress: Guid(ded93370b0df3fa4783a2001af438daf) Importer(815301076,1909f56bfc062723c751e8b465ee728b)
Start importing Assets/_Project/Runtime using Guid(ded93370b0df3fa4783a2001af438daf) Importer(815301076,1909f56bfc062723c751e8b465ee728b) (PreviewImporter) -> (Import Result ID: 'ac31514a1a4e504e8241feab1b3abc4a') in 0.0007377 seconds [static and dynamic dependencies]. Details - ImportResultOutputID=02b7a66650667c72e2f8cfdfe9649a04 DependenciesID=e1cff309033e612f231613713f0cae21 StaticDependenciesID=8d8b54a09f807847b07f8fcb382d7960 
Number of updated asset objects reloaded before import = 0Number of asset objects unloaded after import = 0

========================================================================
Received Import Request.
  Time since last request: 0.000021 seconds.
  path: Assets/_Project/Art/Materials/World/World_White_C.mat
  importAddress: Guid(cc71b605c0fc32741bfb4af682ad3b68) Importer(2089858483,b0f066a214c2f5e87bad3c948f4d605d)
Start importing Assets/_Project/Art/Materials/World/World_White_C.mat using Guid(cc71b605c0fc32741bfb4af682ad3b68) Importer(2089858483,b0f066a214c2f5e87bad3c948f4d605d) (ScriptedImporter) -> (Import Result ID: '65fb00610c83a3f2c57460e0c554ecc9') in 0.017791 seconds [static and dynamic dependencies]. Details - ImportResultOutputID=e8665577a8a3f14bb5914532562e7c94 DependenciesID=302eb7ef47524b2facac5aba46941b6b StaticDependenciesID=6c44ddb1028b6dc9a3b09d344fa244de 
Number of updated asset objects reloaded before import = 0Number of asset objects unloaded after import = 1

========================================================================
Received Import Request.
  Time since last request: 0.000024 seconds.
  path: Assets/TextMesh Pro/Shaders/TMPro_Properties.cginc
  importAddress: Guid(3997e2241185407d80309a82f9148466) Importer(2089858483,b0f066a214c2f5e87bad3c948f4d605d)
Start importing Assets/TextMesh Pro/Shaders/TMPro_Properties.cginc using Guid(3997e2241185407d80309a82f9148466) Importer(2089858483,b0f066a214c2f5e87bad3c948f4d605d) (ScriptedImporter) -> (Import Result ID: 'eb3d869154c416a467beb068c2db1521') in 0.0149159 seconds [static and dynamic dependencies]. Details - ImportResultOutputID=df8bb720371db725ce6a89d3b8482947 DependenciesID=d8bf32c9fa39ab945d5c90b830d0ff41 StaticDependenciesID=ab070b6b75eb729a41727b84a827f49d 
Number of updated asset objects reloaded before import = 0Number of asset objects unloaded after import = 1

========================================================================
Received Import Request.
  Time since last request: 0.000019 seconds.
  path: Assets/_Project/Scenes/Tests/GameplaySmokeTest.unity
  importAddress: Guid(7a09b26e6d8d4134b9e2d906eff0ec0c) Importer(2089858483,b0f066a214c2f5e87bad3c948f4d605d)
Start importing Assets/_Project/Scenes/Tests/GameplaySmokeTest.unity using Guid(7a09b26e6d8d4134b9e2d906eff0ec0c) Importer(2089858483,b0f066a214c2f5e87bad3c948f4d605d) (ScriptedImporter) -> (Import Result ID: '48040af88e1548a109c6eaf5855c2170') in 0.0166852 seconds [static and dynamic dependencies]. Details - ImportResultOutputID=e82bdc6d900b172c80c39deb6bd118c4 DependenciesID=a162b61fd4d63181b704be78e4efbb62 StaticDependenciesID=d64ad7996982ec36168a2a2715336924 
Number of updated asset objects reloaded before import = 0Number of asset objects unloaded after import = 1

========================================================================
Received Import Request.
  Time since last request: 0.000025 seconds.
  path: Assets/_Project/Runtime/Prefabs/System/Camera/CameraRig.prefab
  importAddress: Guid(47ae3ed6f2f16e040a0f0f3f7cc7038a) Importer(2089858483,b0f066a214c2f5e87bad3c948f4d605d)
Start importing Assets/_Project/Runtime/Prefabs/System/Camera/CameraRig.prefab using Guid(47ae3ed6f2f16e040a0f0f3f7cc7038a) Importer(2089858483,b0f066a214c2f5e87bad3c948f4d605d) (ScriptedImporter) -> (Import Result ID: '00fc98648618bfe11d872fe3c8604792') in 0.0700859 seconds [static and dynamic dependencies]. Details - ImportResultOutputID=6820607134c02bd78af414ea50299745 DependenciesID=b2d9b3b4cf09c439735ecaf295cb4f69 StaticDependenciesID=c822e34545b352713b050016e0a495bc 
Number of updated asset objects reloaded before import = 0Number of asset objects unloaded after import = 11

========================================================================
Received Import Request.
  Time since last request: 0.000034 seconds.
  path: Assets/TextMesh Pro/Shaders/TMP_SDF-URP Lit.shadergraph
  importAddress: Guid(a3d800b099a06e0478fb790c5e79057a) Importer(2089858483,b0f066a214c2f5e87bad3c948f4d605d)
Start importing Assets/TextMesh Pro/Shaders/TMP_SDF-URP Lit.shadergraph using Guid(a3d800b099a06e0478fb790c5e79057a) Importer(2089858483,b0f066a214c2f5e87bad3c948f4d605d) (ScriptedImporter) -> (Import Result ID: '537ecc24fcaca58286c5db10ae2b4375') in 0.0394947 seconds [static and dynamic dependencies]. Details - ImportResultOutputID=6579fb84f5bce0688ff5f8db6ff8a814 DependenciesID=eba4c844979062d470c739f308d4f02a StaticDependenciesID=862a4b64adc3cbc3af4bdbed03dcd58a 
Number of updated asset objects reloaded before import = 0Number of asset objects unloaded after import = 4

========================================================================
Received Import Request.
  Time since last request: 0.000026 seconds.
  path: Assets/_Project/Scenes/Gameplay/Main CameraTimeline.playable
  importAddress: Guid(81c79eeac46649a4cbd9b90789c770fb) Importer(2089858483,b0f066a214c2f5e87bad3c948f4d605d)
Start importing Assets/_Project/Scenes/Gameplay/Main CameraTimeline.playable using Guid(81c79eeac46649a4cbd9b90789c770fb) Importer(2089858483,b0f066a214c2f5e87bad3c948f4d605d) (ScriptedImporter) -> (Import Result ID: '806a46b406a6db5b0ecee46348004fc0') in 0.0239713 seconds [static and dynamic dependencies]. Details - ImportResultOutputID=54e391e8000d74dda02030c8580cbede DependenciesID=aee0e4b03b3c6cecdf50bf78a1038d64 StaticDependenciesID=171baf4dc86bfd134ed75bace83fe5a9 
Number of updated asset objects reloaded before import = 0Number of asset objects unloaded after import = 1

========================================================================
Received Import Request.
  Time since last request: 0.000018 seconds.
  path: Assets/_Project/Art/Models/Player/PlayerCharacter.fbx
  importAddress: Guid(ef5b716504af96848b176d28118184d0) Importer(2089858483,b0f066a214c2f5e87bad3c948f4d605d)
Start importing Assets/_Project/Art/Models/Player/PlayerCharacter.fbx using Guid(ef5b716504af96848b176d28118184d0) Importer(2089858483,b0f066a214c2f5e87bad3c948f4d605d) (ScriptedImporter) -> (Import Result ID: 'c3838fadccbf7db0f04e3203db59b705') in 0.0273309 seconds [static and dynamic dependencies]. Details - ImportResultOutputID=6284b318dea6e5743e79e8266cc78062 DependenciesID=981d206f375bcae32dc68e37c910d2be StaticDependenciesID=9f17b06752cc6ce1a0ee5196e00bfa62 
Number of updated asset objects reloaded before import = 0Number of asset objects unloaded after import = 15

========================================================================
Received Import Request.
  Time since last request: 0.000021 seconds.
  path: Assets/_Project/Runtime/Prefabs/UI/Options/InGameOptions.prefab
  importAddress: Guid(9dc02dd7efe8a354fb13fe742171c203) Importer(2089858483,b0f066a214c2f5e87bad3c948f4d605d)
Start importing Assets/_Project/Runtime/Prefabs/UI/Options/InGameOptions.prefab using Guid(9dc02dd7efe8a354fb13fe742171c203) Importer(2089858483,b0f066a214c2f5e87bad3c948f4d605d) (ScriptedImporter) -> (Import Result ID: '665e2e330cd707119af30887f3a9b248') in 0.0482738 seconds [static and dynamic dependencies]. Details - ImportResultOutputID=1e29729340d6bc5e2c3e35a1dd124cc2 DependenciesID=da83048ab975a54435843f168aff4bb9 StaticDependenciesID=e777d00f5f92b3c9d87c073e9501ece6 
Number of updated asset objects reloaded before import = 0Number of asset objects unloaded after import = 5

========================================================================
Received Import Request.
  Time since last request: 0.000032 seconds.
  path: Assets/TextMesh Pro/Shaders/TMPro_Surface.cginc
  importAddress: Guid(d930090c0cd643c7b55f19a38538c162) Importer(2089858483,b0f066a214c2f5e87bad3c948f4d605d)
Start importing Assets/TextMesh Pro/Shaders/TMPro_Surface.cginc using Guid(d930090c0cd643c7b55f19a38538c162) Importer(2089858483,b0f066a214c2f5e87bad3c948f4d605d) (ScriptedImporter) -> (Import Result ID: '9129bb74ccb68813f60d43e16e6fd83c') in 0.0138934 seconds [static and dynamic dependencies]. Details - ImportResultOutputID=c037dd471608ca9048f423aca287efcd DependenciesID=cfd80509d6ef5a874d9ac4a7e82067ba StaticDependenciesID=8fb9495c76aeb6809f5b996ebfc0882c 
Number of updated asset objects reloaded before import = 0Number of asset objects unloaded after import = 1

========================================================================
Received Import Request.
  Time since last request: 0.000024 seconds.
  path: Assets/_Project/Art/Materials/Gameplay/New Material.mat
  importAddress: Guid(c793a0e26dcb1f34bb83759f645defa9) Importer(2089858483,b0f066a214c2f5e87bad3c948f4d605d)
Start importing Assets/_Project/Art/Materials/Gameplay/New Material.mat using Guid(c793a0e26dcb1f34bb83759f645defa9) Importer(2089858483,b0f066a214c2f5e87bad3c948f4d605d) (ScriptedImporter) -> (Import Result ID: '8f1787b633d39a1d19cdab261f8e9ab6') in 0.0178643 seconds [static and dynamic dependencies]. Details - ImportResultOutputID=1113e7f37f0d1678e3cc568e058b8be8 DependenciesID=63a2cc0ddfba3eda44e1d2155c3bd66b StaticDependenciesID=82f86932039a34417568518e6969344b 
Number of updated asset objects reloaded before import = 0Number of asset objects unloaded after import = 1

========================================================================
Received Import Request.
  Time since last request: 0.000023 seconds.
  path: Assets/TextMesh Pro/Resources/LineBreaking Leading Characters.txt
  importAddress: Guid(d82c1b31c7e74239bff1220585707d2b) Importer(2089858483,b0f066a214c2f5e87bad3c948f4d605d)
Start importing Assets/TextMesh Pro/Resources/LineBreaking Leading Characters.txt using Guid(d82c1b31c7e74239bff1220585707d2b) Importer(2089858483,b0f066a214c2f5e87bad3c948f4d605d) (ScriptedImporter) -> (Import Result ID: 'd17ea7ddec04b513fc3649e9819a08ea') in 0.0193111 seconds [static and dynamic dependencies]. Details - ImportResultOutputID=c2fcb7837aa0e3e3550c7b0faec5fa5d DependenciesID=b4b57beeb4264a473032fc54487d3946 StaticDependenciesID=dda605278c247b9c3f7e62e1f27042f7 
Number of updated asset objects reloaded before import = 0Number of asset objects unloaded after import = 1

========================================================================
Received Import Request.
  Time since last request: 0.000019 seconds.
  path: Assets/_Project/Scenes/Gameplay/TESTSCENE.unity
  importAddress: Guid(23989c3fc44094542b5c99c5f5cc0aae) Importer(2089858483,b0f066a214c2f5e87bad3c948f4d605d)
Start importing Assets/_Project/Scenes/Gameplay/TESTSCENE.unity using Guid(23989c3fc44094542b5c99c5f5cc0aae) Importer(2089858483,b0f066a214c2f5e87bad3c948f4d605d) (ScriptedImporter) -> (Import Result ID: '024992ab887c0b345be671594858edbf') in 0.0251747 seconds [static and dynamic dependencies]. Details - ImportResultOutputID=ddd7d2f9427d5cfd3a7d7bd0c2eb0f94 DependenciesID=9fe129b2e270eb4a8c7d6b803bb573d5 StaticDependenciesID=5b42f06e83b6158d428cb45602090333 
Number of updated asset objects reloaded before import = 0Number of asset objects unloaded after import = 1

========================================================================
Received Import Request.
  Time since last request: 0.000024 seconds.
  path: Assets/_Project/Art/Models/Environment/tenjyou.png
  importAddress: Guid(79cccbf0284895445bf4f8d8e598cf01) Importer(2089858483,b0f066a214c2f5e87bad3c948f4d605d)
Start importing Assets/_Project/Art/Models/Environment/tenjyou.png using Guid(79cccbf0284895445bf4f8d8e598cf01) Importer(2089858483,b0f066a214c2f5e87bad3c948f4d605d) (ScriptedImporter) -> (Import Result ID: '1e89645a9f73c1c6aafe2511e6888566') in 0.0609783 seconds [static and dynamic dependencies]. Details - ImportResultOutputID=bf2aa3cb4d81149f6b01e29bedaa0611 DependenciesID=3628197f94aba86c33386a2f2aca7627 StaticDependenciesID=c51e9a79dc3a358fc2ac7e84e0158589 
Number of updated asset objects reloaded before import = 0Number of asset objects unloaded after import = 1

========================================================================
Received Import Request.
  Time since last request: 0.000033 seconds.
  path: Assets/_Project/Art/Models/Environment/wall.png
  importAddress: Guid(c53aa86115ad4c84e9c429e99c05961d) Importer(2089858483,b0f066a214c2f5e87bad3c948f4d605d)
Start importing Assets/_Project/Art/Models/Environment/wall.png using Guid(c53aa86115ad4c84e9c429e99c05961d) Importer(2089858483,b0f066a214c2f5e87bad3c948f4d605d) (ScriptedImporter) -> (Import Result ID: 'b287a9ad437a37af17af7d7ff1807e53') in 0.0271169 seconds [static and dynamic dependencies]. Details - ImportResultOutputID=c86325832ee02321d748e2cc44eef76b DependenciesID=215ea6fc852bb91f82009e44cec2348a StaticDependenciesID=a7431c5491d90f3fe2fcf71fc1b73d3d 
Number of updated asset objects reloaded before import = 0Number of asset objects unloaded after import = 1

========================================================================
Received Import Request.
  Time since last request: 0.000022 seconds.
  path: Assets/_Project/Runtime/Presentation/Camera/CameraFollowController.cs
  importAddress: Guid(f199b2e8ac8714d4881fa377377a62fc) Importer(2089858483,b0f066a214c2f5e87bad3c948f4d605d)
Start importing Assets/_Project/Runtime/Presentation/Camera/CameraFollowController.cs using Guid(f199b2e8ac8714d4881fa377377a62fc) Importer(2089858483,b0f066a214c2f5e87bad3c948f4d605d) (ScriptedImporter) -> (Import Result ID: 'dd32991a1c37bf54d7ffa6394afb6b7b') in 0.01712 seconds [static and dynamic dependencies]. Details - ImportResultOutputID=a9d0bf3a7f806d5acc5e7771dd6bc6a3 DependenciesID=76777e0d26c4dc42b5c9de9e7118f2cb StaticDependenciesID=84cbda01467f4a806051cfebffd8c5d8 
Number of updated asset objects reloaded before import = 0Number of asset objects unloaded after import = 0

========================================================================
Received Import Request.
  Time since last request: 0.000024 seconds.
  path: Assets/_Project/Scenes/Menu/MainMenu.unity
  importAddress: Guid(a43e4c5d1fbe4d0d93275f83b74e7f0a) Importer(2089858483,b0f066a214c2f5e87bad3c948f4d605d)
Start importing Assets/_Project/Scenes/Menu/MainMenu.unity using Guid(a43e4c5d1fbe4d0d93275f83b74e7f0a) Importer(2089858483,b0f066a214c2f5e87bad3c948f4d605d) (ScriptedImporter) -> (Import Result ID: '0f7dbd4ee5a65f93eef20601b8f695ec') in 0.0184171 seconds [static and dynamic dependencies]. Details - ImportResultOutputID=309e4b9aa007bfd06deaa2304155b962 DependenciesID=e37d8695f5b25bc3d64ed58b577f333e StaticDependenciesID=6d86c418fba6e7d556b5f575342bfd73 
Number of updated asset objects reloaded before import = 0Number of asset objects unloaded after import = 1

========================================================================
Received Import Request.
  Time since last request: 0.000027 seconds.
  path: Assets/_Project/Art/Models/Environment/yuka02.png
  importAddress: Guid(3a7aeb2df58fa8545915a61ff82b45b5) Importer(2089858483,b0f066a214c2f5e87bad3c948f4d605d)
Start importing Assets/_Project/Art/Models/Environment/yuka02.png using Guid(3a7aeb2df58fa8545915a61ff82b45b5) Importer(2089858483,b0f066a214c2f5e87bad3c948f4d605d) (ScriptedImporter) -> (Import Result ID: 'ed71d152d5bfee741df4b646c83befd9') in 0.0247658 seconds [static and dynamic dependencies]. Details - ImportResultOutputID=12c420387ec626bb47c4044ec5508ba9 DependenciesID=9ff5b2a3a3f3e97e3371f4a47c51ceef StaticDependenciesID=33375319180955ad353e16498fde7e02 
Number of updated asset objects reloaded before import = 0Number of asset objects unloaded after import = 1

========================================================================
Received Import Request.
  Time since last request: 0.000032 seconds.
  path: Assets/TextMesh Pro/Shaders/TMP_SDF-URP Unlit.shadergraph
  importAddress: Guid(124c112a6e8f1a54e8b0870e881b56d8) Importer(2089858483,b0f066a214c2f5e87bad3c948f4d605d)
Start importing Assets/TextMesh Pro/Shaders/TMP_SDF-URP Unlit.shadergraph using Guid(124c112a6e8f1a54e8b0870e881b56d8) Importer(2089858483,b0f066a214c2f5e87bad3c948f4d605d) (ScriptedImporter) -> (Import Result ID: 'b45a124a7aee568df369fe7cee152723') in 0.0376122 seconds [static and dynamic dependencies]. Details - ImportResultOutputID=ff575f0d4ef53623abc085dcd8eafc0f DependenciesID=afc5da04fdbbaec7384850431f6f9974 StaticDependenciesID=2e70c7206d9e4ef7fea767e8a8a682a4 
Number of updated asset objects reloaded before import = 0Number of asset objects unloaded after import = 4

========================================================================
Received Import Request.
  Time since last request: 0.000024 seconds.
  path: Assets/_Project/Runtime/Prefabs/Gameplay/Player/Player.prefab
  importAddress: Guid(bf42b90b3fa3eab4097a2ad37616e99d) Importer(2089858483,b0f066a214c2f5e87bad3c948f4d605d)
Start importing Assets/_Project/Runtime/Prefabs/Gameplay/Player/Player.prefab using Guid(bf42b90b3fa3eab4097a2ad37616e99d) Importer(2089858483,b0f066a214c2f5e87bad3c948f4d605d) (ScriptedImporter) -> (Import Result ID: 'ca908f4dd8f5ee6c54a3e20add7566f7') in 0.0803855 seconds [static and dynamic dependencies]. Details - ImportResultOutputID=3fbb788a23a161345adf51af029f2525 DependenciesID=b815bf37eed08af7d309644ab8c6b424 StaticDependenciesID=d3b86e5086088344a16913362419929d 
Number of updated asset objects reloaded before import = 0Number of asset objects unloaded after import = 14

========================================================================
Received Import Request.
  Time since last request: 0.000026 seconds.
  path: Assets/_Project/Runtime/Gameplay/Player/PlayerMovementPreset.cs
  importAddress: Guid(b40cdb02446a4b7b8e4e1f584cceca2d) Importer(2089858483,b0f066a214c2f5e87bad3c948f4d605d)
Start importing Assets/_Project/Runtime/Gameplay/Player/PlayerMovementPreset.cs using Guid(b40cdb02446a4b7b8e4e1f584cceca2d) Importer(2089858483,b0f066a214c2f5e87bad3c948f4d605d) (ScriptedImporter) -> (Import Result ID: 'acb7b759a7885b9e3464b65545f20eca') in 0.0157667 seconds [static and dynamic dependencies]. Details - ImportResultOutputID=7fbf3f2219d073bd03faeec8439d2eda DependenciesID=211b91909a0289fca8a70e219f5d2f86 StaticDependenciesID=0027447664052c531665c3369965e619 
Number of updated asset objects reloaded before import = 0Number of asset objects unloaded after import = 0

========================================================================
Received Import Request.
  Time since last request: 0.000040 seconds.
  path: Assets/Readme.asset
  importAddress: Guid(8105016687592461f977c054a80ce2f2) Importer(2089858483,b0f066a214c2f5e87bad3c948f4d605d)
Start importing Assets/Readme.asset using Guid(8105016687592461f977c054a80ce2f2) Importer(2089858483,b0f066a214c2f5e87bad3c948f4d605d) (ScriptedImporter) -> (Import Result ID: '84a1a583419c54f86895ba7ed23a806e') in 0.0187455 seconds [static and dynamic dependencies]. Details - ImportResultOutputID=2c38eb33cef8418298de4026cab2615d DependenciesID=0334e152013890af7e25953b309a1b16 StaticDependenciesID=aea6e1cd556bfcdd983c43da83a41dd0 
Number of updated asset objects reloaded before import = 0Number of asset objects unloaded after import = 1

========================================================================
Received Import Request.
  Time since last request: 0.000027 seconds.
  path: Assets/_Project/Runtime/Gameplay
  importAddress: Guid(1702643af8bcd4a4c9fd8aa369d8c1df) Importer(815301076,1909f56bfc062723c751e8b465ee728b)
Start importing Assets/_Project/Runtime/Gameplay using Guid(1702643af8bcd4a4c9fd8aa369d8c1df) Importer(815301076,1909f56bfc062723c751e8b465ee728b) (PreviewImporter) -> (Import Result ID: '67a01fc5e85b4f2a789ad547097c4388') in 0.0007037 seconds [static and dynamic dependencies]. Details - ImportResultOutputID=e0e9e38eb3dd04f3557c10a7fbd20120 DependenciesID=9d45e507a87b6167bc60e43e6ef302ef StaticDependenciesID=6259e8068bebcb0932164d9f165dd225 
Number of updated asset objects reloaded before import = 0Number of asset objects unloaded after import = 0

========================================================================
Received Import Request.
  Time since last request: 0.000020 seconds.
  path: Assets/_Project/Settings/Rendering/DefaultVolumeProfile.asset
  importAddress: Guid(ab09877e2e707104187f6f83e2f62510) Importer(2089858483,b0f066a214c2f5e87bad3c948f4d605d)
Start importing Assets/_Project/Settings/Rendering/DefaultVolumeProfile.asset using Guid(ab09877e2e707104187f6f83e2f62510) Importer(2089858483,b0f066a214c2f5e87bad3c948f4d605d) (ScriptedImporter) -> (Import Result ID: 'adf48b1ad20b63bede1aab62b8ed02a0') in 0.020436 seconds [static and dynamic dependencies]. Details - ImportResultOutputID=71e3b9fa507f47786e5f20134bedc0f7 DependenciesID=5b242f9a1325a91c7322f3e4178cc507 StaticDependenciesID=8c385e7c5b969a03d4cd2456362bfa67 
Number of updated asset objects reloaded before import = 0Number of asset objects unloaded after import = 0

========================================================================
Received Import Request.
  Time since last request: 0.000020 seconds.
  path: Assets/_Project/Art/Materials/World/World_Green.mat
  importAddress: Guid(12fa62a1f2d3ea046a806662d058bb0e) Importer(2089858483,b0f066a214c2f5e87bad3c948f4d605d)
Start importing Assets/_Project/Art/Materials/World/World_Green.mat using Guid(12fa62a1f2d3ea046a806662d058bb0e) Importer(2089858483,b0f066a214c2f5e87bad3c948f4d605d) (ScriptedImporter) -> (Import Result ID: '1e691ce596ec9cd75495477fb007bba1') in 0.0221843 seconds [static and dynamic dependencies]. Details - ImportResultOutputID=44d5056a71fc9af4eb2f5272a6ae5898 DependenciesID=72b863530202e6672f7f6dd263305bf2 StaticDependenciesID=6e99f4069f59fd6277b4eb8ef2498b96 
Number of updated asset objects reloaded before import = 0Number of asset objects unloaded after import = 1

========================================================================
Received Import Request.
  Time since last request: 0.000020 seconds.
  path: Assets/_Project/Input/Shopping.inputactions
  importAddress: Guid(052faaac586de48259a63d0c4782560b) Importer(2089858483,b0f066a214c2f5e87bad3c948f4d605d)
Start importing Assets/_Project/Input/Shopping.inputactions using Guid(052faaac586de48259a63d0c4782560b) Importer(2089858483,b0f066a214c2f5e87bad3c948f4d605d) (ScriptedImporter) -> (Import Result ID: 'c51a41c956a9f58c05151ff59ce1c858') in 0.2177275 seconds [static and dynamic dependencies]. Details - ImportResultOutputID=6e55383b8aa64bfd8ac327e2a687042d DependenciesID=6bf627e796564268686622fece181fa3 StaticDependenciesID=1f463b23584a399887b7e9c1a588b538 
Number of updated asset objects reloaded before import = 0Number of asset objects unloaded after import = 22

========================================================================
Received Import Request.
  Time since last request: 0.000041 seconds.
  path: Assets/TextMesh Pro/Shaders/TMP_SDF-Mobile SSD.shader
  importAddress: Guid(c8d12adcee749c344b8117cf7c7eb912) Importer(2089858483,b0f066a214c2f5e87bad3c948f4d605d)
Start importing Assets/TextMesh Pro/Shaders/TMP_SDF-Mobile SSD.shader using Guid(c8d12adcee749c344b8117cf7c7eb912) Importer(2089858483,b0f066a214c2f5e87bad3c948f4d605d) (ScriptedImporter) -> (Import Result ID: 'd66544112c76ec6e0709459baa3af51d') in 0.020103 seconds [static and dynamic dependencies]. Details - ImportResultOutputID=ddfbcd998e12e57c62a8e8bf2ed6748d DependenciesID=a578f7175b39fdf13d460b2e1918207e StaticDependenciesID=149e413d0571861b315a3fb4601c570f 
Number of updated asset objects reloaded before import = 0Number of asset objects unloaded after import = 1

========================================================================
Received Import Request.
  Time since last request: 0.000019 seconds.
  path: Assets/_Project/Runtime/Gameplay/Scoring/ScoreTarget.cs
  importAddress: Guid(03e22255978be8642a4d95e2fff38c11) Importer(2089858483,b0f066a214c2f5e87bad3c948f4d605d)
Start importing Assets/_Project/Runtime/Gameplay/Scoring/ScoreTarget.cs using Guid(03e22255978be8642a4d95e2fff38c11) Importer(2089858483,b0f066a214c2f5e87bad3c948f4d605d) (ScriptedImporter) -> (Import Result ID: 'c27753b24d94b9613aa07196476e3efd') in 0.0296913 seconds [static and dynamic dependencies]. Details - ImportResultOutputID=a41c87b095379e7fc5f1eea83acfdf7d DependenciesID=9363e38f5493f185603639f90e036078 StaticDependenciesID=7419fd8ac17f9100e2a4c00507d22f4c 
Number of updated asset objects reloaded before import = 0Number of asset objects unloaded after import = 0

========================================================================
Received Import Request.
  Time since last request: 0.000023 seconds.
  path: Assets/TextMesh Pro/Shaders/TMP_Sprite.shader
  importAddress: Guid(cf81c85f95fe47e1a27f6ae460cf182c) Importer(2089858483,b0f066a214c2f5e87bad3c948f4d605d)
Start importing Assets/TextMesh Pro/Shaders/TMP_Sprite.shader using Guid(cf81c85f95fe47e1a27f6ae460cf182c) Importer(2089858483,b0f066a214c2f5e87bad3c948f4d605d) (ScriptedImporter) -> (Import Result ID: '35c54016344cd9c269ce0a20c31afe01') in 0.0218125 seconds [static and dynamic dependencies]. Details - ImportResultOutputID=e96f18b8ffaccf96c038d769ab2d350f DependenciesID=fd25dbe7ec0306ade7312a98820a00f3 StaticDependenciesID=a81e5bd42182df2690e5bdad867634f4 
Number of updated asset objects reloaded before import = 0Number of asset objects unloaded after import = 1

========================================================================
Received Import Request.
  Time since last request: 0.000023 seconds.
  path: Assets/TextMesh Pro/Shaders/TMP_SDF-Surface-Mobile.shader
  importAddress: Guid(85187c2149c549c5b33f0cdb02836b17) Importer(2089858483,b0f066a214c2f5e87bad3c948f4d605d)
Start importing Assets/TextMesh Pro/Shaders/TMP_SDF-Surface-Mobile.shader using Guid(85187c2149c549c5b33f0cdb02836b17) Importer(2089858483,b0f066a214c2f5e87bad3c948f4d605d) (ScriptedImporter) -> (Import Result ID: '372c4bad730320edf30a6a05a51c9494') in 0.0288864 seconds [static and dynamic dependencies]. Details - ImportResultOutputID=5bb2ac459a5d3302a7beb8c5d16532c7 DependenciesID=248168db15a96d3d5e50ec206ddaafc2 StaticDependenciesID=58c6b186186993a6af1eb808477416bb 
Number of updated asset objects reloaded before import = 0Number of asset objects unloaded after import = 1

========================================================================
Received Import Request.
  Time since last request: 0.000041 seconds.
  path: Assets/TextMesh Pro/Shaders/TMP_Bitmap-Mobile.shader
  importAddress: Guid(1e3b057af24249748ff873be7fafee47) Importer(2089858483,b0f066a214c2f5e87bad3c948f4d605d)
Start importing Assets/TextMesh Pro/Shaders/TMP_Bitmap-Mobile.shader using Guid(1e3b057af24249748ff873be7fafee47) Importer(2089858483,b0f066a214c2f5e87bad3c948f4d605d) (ScriptedImporter) -> (Import Result ID: '2e1495b9109c51e8f3554ad2a4b83de0') in 0.0221476 seconds [static and dynamic dependencies]. Details - ImportResultOutputID=10030d50a8cb2305f683873832309fcc DependenciesID=bb78558fe1c79297f1713e000b39bc75 StaticDependenciesID=ba05bf65226584121c1346f54df493db 
Number of updated asset objects reloaded before import = 0Number of asset objects unloaded after import = 1

========================================================================
Received Import Request.
  Time since last request: 0.000020 seconds.
  path: Assets/_Project/Runtime/Presentation/UI/Results/GameResultScreenManager.cs
  importAddress: Guid(69f12ec20d3944b29adc834e21cad064) Importer(2089858483,b0f066a214c2f5e87bad3c948f4d605d)
Start importing Assets/_Project/Runtime/Presentation/UI/Results/GameResultScreenManager.cs using Guid(69f12ec20d3944b29adc834e21cad064) Importer(2089858483,b0f066a214c2f5e87bad3c948f4d605d) (ScriptedImporter) -> (Import Result ID: '230a4ab31adf35b7ba96dac5a484cfb0') in 0.0171181 seconds [static and dynamic dependencies]. Details - ImportResultOutputID=1203957ac39e8e80135733bc05924d96 DependenciesID=f20e96248b395516efb984e78dd78e77 StaticDependenciesID=17fd2d2f900c5174bfea7ade4cf734e0 
Number of updated asset objects reloaded before import = 0Number of asset objects unloaded after import = 0

========================================================================
Received Import Request.
  Time since last request: 0.000039 seconds.
  path: Assets/_Project/Settings/Rendering/UniversalRenderPipelineGlobalSettings.asset
  importAddress: Guid(18dc0cd2c080841dea60987a38ce93fa) Importer(2089858483,b0f066a214c2f5e87bad3c948f4d605d)
Start importing Assets/_Project/Settings/Rendering/UniversalRenderPipelineGlobalSettings.asset using Guid(18dc0cd2c080841dea60987a38ce93fa) Importer(2089858483,b0f066a214c2f5e87bad3c948f4d605d) (ScriptedImporter) -> (Import Result ID: '96c752e0bf2476aba9c4097b36793b13') in 0.1235542 seconds [static and dynamic dependencies]. Details - ImportResultOutputID=8684288eaf6cf7aacddaeb7ac5416705 DependenciesID=90c8fbebf75e88775f89bd0190e1645c StaticDependenciesID=14e977b49b225df94cddc10e382e6efd 
Number of updated asset objects reloaded before import = 0Number of asset objects unloaded after import = 0

========================================================================
Received Import Request.
  Time since last request: 0.000069 seconds.
  path: Assets/TextMesh Pro/Resources/TMP Settings.asset
  importAddress: Guid(3f5b5dff67a942289a9defa416b206f3) Importer(2089858483,b0f066a214c2f5e87bad3c948f4d605d)
Start importing Assets/TextMesh Pro/Resources/TMP Settings.asset using Guid(3f5b5dff67a942289a9defa416b206f3) Importer(2089858483,b0f066a214c2f5e87bad3c948f4d605d) (ScriptedImporter) -> (Import Result ID: '17d6b1b9824e99d06095626bb0e434a1') in 0.0523803 seconds [static and dynamic dependencies]. Details - ImportResultOutputID=bc007ef075d2828439c79758b7dac980 DependenciesID=916a91fe0bfe0cce19f3ffce85d0a874 StaticDependenciesID=c8804b8a5531bf9630cbb1cba09eb58a 
Number of updated asset objects reloaded before import = 0Number of asset objects unloaded after import = 12

========================================================================
Received Import Request.
  Time since last request: 0.000034 seconds.
  path: Assets/_Project/Audio/SFX/Collision/Crash.mp3
  importAddress: Guid(45e484ae459aab84ea75005de779efc0) Importer(2089858483,b0f066a214c2f5e87bad3c948f4d605d)
Start importing Assets/_Project/Audio/SFX/Collision/Crash.mp3 using Guid(45e484ae459aab84ea75005de779efc0) Importer(2089858483,b0f066a214c2f5e87bad3c948f4d605d) (ScriptedImporter) -> (Import Result ID: 'd687ae30641a41fc4d8f09adc6bad90a') in 0.0261485 seconds [static and dynamic dependencies]. Details - ImportResultOutputID=7f525a26dc3b7c34f19406c866d4d94f DependenciesID=f4ab61724dcb5265036f9cf138562234 StaticDependenciesID=0b828006c76971eda130e1fe51c0168b 
Number of updated asset objects reloaded before import = 0Number of asset objects unloaded after import = 1

========================================================================
Received Import Request.
  Time since last request: 0.000019 seconds.
  path: Assets/_Project/Runtime/Presentation/UI/Options/InGameOptionMenu.cs
  importAddress: Guid(6cd967925d7741eaa907fc6b575dfe8b) Importer(2089858483,b0f066a214c2f5e87bad3c948f4d605d)
Start importing Assets/_Project/Runtime/Presentation/UI/Options/InGameOptionMenu.cs using Guid(6cd967925d7741eaa907fc6b575dfe8b) Importer(2089858483,b0f066a214c2f5e87bad3c948f4d605d) (ScriptedImporter) -> (Import Result ID: '5a4fc6d5390ffb06fb9661a768d0a34d') in 0.0178516 seconds [static and dynamic dependencies]. Details - ImportResultOutputID=9d9d9e9c434aa4fe14c088fe86d959ff DependenciesID=912344657e52d390028d815bf53bbada StaticDependenciesID=4b42836a92a74556dc8d2616c5b4fad6 
Number of updated asset objects reloaded before import = 0Number of asset objects unloaded after import = 0

========================================================================
Received Import Request.
  Time since last request: 0.000019 seconds.
  path: Assets/_Project/Settings/Rendering/Mobile_Renderer.asset
  importAddress: Guid(65bc7dbf4170f435aa868c779acfb082) Importer(2089858483,b0f066a214c2f5e87bad3c948f4d605d)
Start importing Assets/_Project/Settings/Rendering/Mobile_Renderer.asset using Guid(65bc7dbf4170f435aa868c779acfb082) Importer(2089858483,b0f066a214c2f5e87bad3c948f4d605d) (ScriptedImporter) -> (Import Result ID: 'ab57ba42619bdfab30598bec92f83ed6') in 0.0490699 seconds [static and dynamic dependencies]. Details - ImportResultOutputID=dbed45cb9d6b983b210a13c2367dd7b2 DependenciesID=77b4cdfd1f916bb6350ca866539381b3 StaticDependenciesID=479ec06a013f88c318b3be9f7d7efee1 
Number of updated asset objects reloaded before import = 0Number of asset objects unloaded after import = 1

========================================================================
Received Import Request.
  Time since last request: 0.000024 seconds.
  path: Assets/TextMesh Pro/Resources/Style Sheets/Default Style Sheet.asset
  importAddress: Guid(f952c082cb03451daed3ee968ac6c63e) Importer(2089858483,b0f066a214c2f5e87bad3c948f4d605d)
Start importing Assets/TextMesh Pro/Resources/Style Sheets/Default Style Sheet.asset using Guid(f952c082cb03451daed3ee968ac6c63e) Importer(2089858483,b0f066a214c2f5e87bad3c948f4d605d) (ScriptedImporter) -> (Import Result ID: '4f5d73ee9c765bee79fd02e3c31661e4') in 0.0160966 seconds [static and dynamic dependencies]. Details - ImportResultOutputID=9d8a6b065d061295bdfa9b64c0efc393 DependenciesID=2a8afb44705b2ff8c592a6c6dc8a6a19 StaticDependenciesID=3bd7c12e974ced77cd719696148b87d2 
Number of updated asset objects reloaded before import = 0Number of asset objects unloaded after import = 1

Editor requested this worker to shutdown with reason: Scaling down because of idle timeout
AssetImportWorker is now disconnected from the server
Process exiting
Exiting without the bug reporter. Application will terminate with return code 0